<html>
<body>
<pre>
<h1>�Vision Build Log</h1>
<h2>Tool Versions:</h2>
IDE-Version: ��Vision V5.24.2.0
Copyright (C) 2017 ARM Ltd and ARM Germany GmbH. All rights reserved.
License Information: A LuoXue, A, LIC=BUURY-I709T-TGM7T-RRKC6-Q26WW-UNL2C
 
Tool Versions:
Toolchain:       MDK-ARM Plus  Version: 5.24.1
Toolchain Path:  D:\Keil5\ARM\ARMCC\Bin
C Compiler:      Armcc.exe V5.06 update 5 (build 528)
Assembler:       Armasm.exe V5.06 update 5 (build 528)
Linker/Locator:  ArmLink.exe V5.06 update 5 (build 528)
Library Manager: ArmAr.exe V5.06 update 5 (build 528)
Hex Converter:   FromElf.exe V5.06 update 5 (build 528)
CPU DLL:         SARMCM3.DLL V5.24.1
Dialog DLL:      DCM.DLL V1.16.0.0
Target DLL:      CMSIS_AGDI.dll V1.28.3.0
Dialog DLL:      TCM.DLL V1.32.0.0
 
<h2>Project:</h2>
C:\Users\LuoXue\Desktop\Robot Project\RoboCup\licang10.10\MDK-ARM\licang.uvprojx
Project File Date:  10/06/2025

<h2>Output:</h2>
*** Using Compiler 'V5.06 update 5 (build 528)', folder: 'D:\Keil5\ARM\ARMCC\Bin'
Build target 'licang'
assembling startup_stm32f750xx.s...
compiling dma.c...
compiling usart.c...
compiling stm32f7xx_hal_flash.c...
compiling stm32f7xx_hal_msp.c...
compiling stm32f7xx_hal_gpio.c...
compiling tim.c...
compiling gpio.c...
compiling stm32f7xx_hal_cortex.c...
compiling stm32f7xx_hal_flash_ex.c...
compiling stm32f7xx_hal_dma.c...
compiling stm32f7xx_hal_dma_ex.c...
compiling stm32f7xx_it.c...
../Motor/Stepper_Motor/Motor_Run.h(19): warning:  #231-D: declaration is not visible outside of function
  void Stepping_Motor_Param_change(	struct Stepping_Motor_Param* Motor_Param,
../Core/Src/stm32f7xx_it.c: 1 warning, 0 errors
compiling stm32f7xx_hal_rcc.c...
compiling stm32f7xx_hal_rcc_ex.c...
compiling main.c...
../Motor/Stepper_Motor/Motor_Run.h(19): warning:  #231-D: declaration is not visible outside of function
  void Stepping_Motor_Param_change(	struct Stepping_Motor_Param* Motor_Param,
../Core/Src/main.c: 1 warning, 0 errors
compiling freertos.c...
../Motor/Stepper_Motor/Motor_Run.h(19): warning:  #231-D: declaration is not visible outside of function
  void Stepping_Motor_Param_change(	struct Stepping_Motor_Param* Motor_Param,
../Core/Src/freertos.c: 1 warning, 0 errors
compiling list.c...
compiling croutine.c...
compiling event_groups.c...
compiling queue.c...
compiling stream_buffer.c...
compiling timers.c...
compiling heap_4.c...
compiling tasks.c...
compiling port.c...
compiling cmsis_os.c...
compiling stm32f7xx_hal_pwr.c...
compiling stm32f7xx_hal_uart_ex.c...
compiling stm32f7xx_hal_i2c_ex.c...
compiling stm32f7xx_hal.c...
compiling stm32f7xx_hal_exti.c...
compiling system_stm32f7xx.c...
compiling stm32f7xx_hal_pwr_ex.c...
compiling stm32f7xx_hal_i2c.c...
compiling usmart_config.c...
compiling usmart_str.c...
compiling stm32f7xx_hal_uart.c...
compiling stm32f7xx_hal_tim_ex.c...
compiling usmart.c...
..\USMART\usmart.c(109): warning:  #870-D: invalid multibyte character sequence
  			printf("口地址等作为参�?)，单个函数最多支�?10个输入参�?,并支持函数返\n");
..\USMART\usmart.c(109): warning:  #870-D: invalid multibyte character sequence
  			printf("口地址等作为参�?)，单个函数最多支�?10个输入参�?,并支持函数返\n");
..\USMART\usmart.c(109): warning:  #870-D: invalid multibyte character sequence
  			printf("口地址等作为参�?)，单个函数最多支�?10个输入参�?,并支持函数返\n");
..\USMART\usmart.c(110): warning:  #870-D: invalid multibyte character sequence
  			printf("回值显示。新增参数显示进制设置功�?,新增进制转换功能。\n");
..\USMART\usmart.c(111): warning:  #870-D: invalid multibyte character sequence
  			printf("技术支�?:www.openedv.com\n");
..\USMART\usmart.c(112): warning:  #870-D: invalid multibyte character sequence
  			printf("USMART�?7个系统命�?:\n");
..\USMART\usmart.c(112): warning:  #870-D: invalid multibyte character sequence
  			printf("USMART�?7个系统命�?:\n");
..\USMART\usmart.c(119): warning:  #870-D: invalid multibyte character sequence
  			printf("runtime:1,开启函数运行计�?;0,关闭函数运行计时;\n\n");
..\USMART\usmart.c: 8 warnings, 0 errors
compiling stm32f7xx_hal_tim.c...
compiling buzzer.c...
..\HardwareDrivers\buzzer.c(48): warning:  #111-D: statement is unreachable
  	vTaskDelete(buzzer_task_handler);
..\HardwareDrivers\buzzer.c: 2 warnings, 0 errors
  }
compiling delay.c...
compiling sensor.c...
..\HardwareDrivers\sensor.c(30): warning:  #940-D: missing return statement at end of non-void function "read_iosensor" 
  }
..\HardwareDrivers\sensor.c: 1 warning, 0 errors
compiling led.c...
..\HardwareDrivers\led.c(19): warning:  #111-D: statement is unreachable
  	vTaskDelete(led_task_handler); 
..\HardwareDrivers\led.c: 1 warning, 0 errors
compiling qrcode.c...
compiling pid.c...
compiling arm_cmd.c...
compiling imu.c...
..\HardwareDrivers\imu.c(101): warning:  #1035-D: single-precision operand implicitly converted to double-precision
  						imu.yaw   = 180.0* (float)((imu_rx_buf[7+ptr]<<8)|imu_rx_buf[6+ptr])/32768.0f;
..\HardwareDrivers\imu.c(150): warning:  #1-D: last line of file ends without a newline
  }
..\HardwareDrivers\imu.c: 2 warnings, 0 errors
compiling Servo.c...
compiling openmv_cmd.c...
compiling stepmotor_cmd.c...
..\Motor\Stepper_Motor\stepmotor_cmd.c(69): warning:  #69-D: integer conversion resulted in truncation
  	sendbuff[4] = rpm_speed;
..\Motor\Stepper_Motor\stepmotor_cmd.c: 1 warning, 0 errors
compiling rfid.c...
../Motor/Stepper_Motor/Motor_Run.h(19): warning:  #231-D: declaration is not visible outside of function
  void Stepping_Motor_Param_change(	struct Stepping_Motor_Param* Motor_Param,
..\HardwareDrivers\rfid.c(38): warning:  #1-D: last line of file ends without a newline
  }
..\HardwareDrivers\rfid.c: 2 warnings, 0 errors
compiling sys.c...
compiling load2.c...
../Motor/Stepper_Motor/Motor_Run.h(19): warning:  #231-D: declaration is not visible outside of function
  void Stepping_Motor_Param_change(	struct Stepping_Motor_Param* Motor_Param,
..\HardwareDrivers\load2.c(131): warning:  #186-D: pointless comparison of unsigned integer with zero
  	if(place > 11 || place <  0)
..\HardwareDrivers\load2.c: 2 warnings, 0 errors
compiling serial.c...
../Motor/Stepper_Motor/Motor_Run.h(19): warning:  #231-D: declaration is not visible outside of function
  void Stepping_Motor_Param_change(	struct Stepping_Motor_Param* Motor_Param,
..\HardwareDrivers\serial.c: 1 warning, 0 errors
compiling gyro_task.c...
../Motor/Stepper_Motor/Motor_Run.h(19): warning:  #231-D: declaration is not visible outside of function
  void Stepping_Motor_Param_change(	struct Stepping_Motor_Param* Motor_Param,
..\Task\gyro_task.c(76): warning:  #1-D: last line of file ends without a newline
  }
..\Task\gyro_task.c: 2 warnings, 0 errors
compiling Motor_Run.c...
..\Motor\Stepper_Motor\Motor_Run.c(23): warning:  #1035-D: single-precision operand implicitly converted to double-precision
      Pluse_num = (uint32_t)( (dis*
ULSES_PER_ROTATION)/
HEEL_CIRCUMFERENCE + 0.5 );//��������
..\Motor\Stepper_Motor\Motor_Run.c(29): warning:  #940-D: missing return statement at end of non-void function "Angle_to_Pluse_Num" 
  }
..\Motor\Stepper_Motor\Motor_Run.c(265): warning:  #1035-D: single-precision operand implicitly converted to double-precision
  		if((imu.yaw_set >= Gyro_Correct_Position_PID.target - 0.0001 &&
..\Motor\Stepper_Motor\Motor_Run.c(266): warning:  #1035-D: single-precision operand implicitly converted to double-precision
  		    imu.yaw_set <= Gyro_Correct_Position_PID.target + 0.0001)
..\Motor\Stepper_Motor\Motor_Run.c: 4 warnings, 0 errors
compiling Motor_Command.c...
..\Motor\Stepper_Motor\Motor_Run.h(19): warning:  #231-D: declaration is not visible outside of function
  void Stepping_Motor_Param_change(	struct Stepping_Motor_Param* Motor_Param,
..\Motor\Stepper_Motor\Motor_Command.c: 1 warning, 0 errors
compiling main_task.c...
../Motor/Stepper_Motor/Motor_Run.h(19): warning:  #231-D: declaration is not visible outside of function
  void Stepping_Motor_Param_change(	struct Stepping_Motor_Param* Motor_Param,
..\Task\main_task.c(201): warning:  #1035-D: single-precision operand implicitly converted to double-precision
  			Task_inf.Task_angle=1.463*Task_inf.Task_angle+7.767;
..\Task\main_task.c(376): warning:  #177-D: variable "err_cnt"  was declared but never referenced
  	uint8_t err_cnt = 0;
..\Task\main_task.c: 3 warnings, 0 errors
compiling lcd_init.c...
compiling lcd.c...
compiling start_task.c...
../Motor/Stepper_Motor/Motor_Run.h(19): warning:  #231-D: declaration is not visible outside of function
  void Stepping_Motor_Param_change(	struct Stepping_Motor_Param* Motor_Param,
..\Task\start_task.c: 1 warning, 0 errors
compiling screen.c...
..\HardwareDrivers\screen\screen.c(35): warning:  #111-D: statement is unreachable
  	vTaskDelete(screen_task_handler);
..\HardwareDrivers\screen\screen.c: 1 warning, 0 errors
linking...
Program Size: Code=35084 RO-data=528 RW-data=3284 ZI-data=273548  
FromELF: creating hex file...
"licang\licang.axf" - 0 Error(s), 34 Warning(s).

<h2>Software Packages used:</h2>

Package Vendor: ARM
                http://www.keil.com/pack/ARM.CMSIS.5.9.0.pack
                ARM.CMSIS.5.9.0
                CMSIS (Common Microcontroller Software Interface Standard)
   * Component: CORE Version: 5.6.0

Package Vendor: Keil
                https://www.keil.com/pack/Keil.STM32F7xx_DFP.2.15.2.pack
                Keil.STM32F7xx_DFP.2.15.2
                STMicroelectronics STM32F7 Series Device Support, Drivers and Examples

<h2>Collection of Component include folders:</h2>
  .\RTE\_licang
  D:\Keil5\ARM\PACK\ARM\CMSIS\5.9.0\CMSIS\Core\Include
  D:\Keil5\ARM\PACK\Keil\STM32F7xx_DFP\2.15.2\Drivers\CMSIS\Device\ST\STM32F7xx\Include

<h2>Collection of Component Files used:</h2>

   * Component: ARM::CMSIS:CORE:5.6.0
      Include file:  CMSIS\Core\Include\tz_context.h
Build Time Elapsed:  00:00:13
</pre>
</body>
</html>
