Component: ARM Compiler 5.06 update 5 (build 528) Tool: armlink [4d35e2]

==============================================================================

Section Cross References

    startup_stm32f750xx.o(RESET) refers to startup_stm32f750xx.o(STACK) for __initial_sp
    startup_stm32f750xx.o(RESET) refers to startup_stm32f750xx.o(.text) for Reset_Handler
    startup_stm32f750xx.o(RESET) refers to stm32f7xx_it.o(i.NMI_Handler) for NMI_Handler
    startup_stm32f750xx.o(RESET) refers to stm32f7xx_it.o(i.HardFault_Handler) for HardFault_Handler
    startup_stm32f750xx.o(RESET) refers to stm32f7xx_it.o(i.MemManage_Handler) for MemManage_Handler
    startup_stm32f750xx.o(RESET) refers to stm32f7xx_it.o(i.BusFault_Handler) for BusFault_Handler
    startup_stm32f750xx.o(RESET) refers to stm32f7xx_it.o(i.UsageFault_Handler) for UsageFault_Handler
    startup_stm32f750xx.o(RESET) refers to port.o(.emb_text) for SVC_Handler
    startup_stm32f750xx.o(RESET) refers to stm32f7xx_it.o(i.DebugMon_Handler) for DebugMon_Handler
    startup_stm32f750xx.o(RESET) refers to stm32f7xx_it.o(i.SysTick_Handler) for SysTick_Handler
    startup_stm32f750xx.o(RESET) refers to stm32f7xx_it.o(i.DMA1_Stream0_IRQHandler) for DMA1_Stream0_IRQHandler
    startup_stm32f750xx.o(RESET) refers to stm32f7xx_it.o(i.DMA1_Stream1_IRQHandler) for DMA1_Stream1_IRQHandler
    startup_stm32f750xx.o(RESET) refers to stm32f7xx_it.o(i.DMA1_Stream2_IRQHandler) for DMA1_Stream2_IRQHandler
    startup_stm32f750xx.o(RESET) refers to stm32f7xx_it.o(i.DMA1_Stream3_IRQHandler) for DMA1_Stream3_IRQHandler
    startup_stm32f750xx.o(RESET) refers to stm32f7xx_it.o(i.DMA1_Stream4_IRQHandler) for DMA1_Stream4_IRQHandler
    startup_stm32f750xx.o(RESET) refers to stm32f7xx_it.o(i.DMA1_Stream5_IRQHandler) for DMA1_Stream5_IRQHandler
    startup_stm32f750xx.o(RESET) refers to stm32f7xx_it.o(i.DMA1_Stream6_IRQHandler) for DMA1_Stream6_IRQHandler
    startup_stm32f750xx.o(RESET) refers to stm32f7xx_it.o(i.USART1_IRQHandler) for USART1_IRQHandler
    startup_stm32f750xx.o(RESET) refers to imu.o(i.USART2_IRQHandler) for USART2_IRQHandler
    startup_stm32f750xx.o(RESET) refers to motor_command.o(i.USART3_IRQHandler) for USART3_IRQHandler
    startup_stm32f750xx.o(RESET) refers to stm32f7xx_it.o(i.UART4_IRQHandler) for UART4_IRQHandler
    startup_stm32f750xx.o(RESET) refers to stm32f7xx_it.o(i.UART5_IRQHandler) for UART5_IRQHandler
    startup_stm32f750xx.o(RESET) refers to stm32f7xx_it.o(i.DMA2_Stream1_IRQHandler) for DMA2_Stream1_IRQHandler
    startup_stm32f750xx.o(RESET) refers to stm32f7xx_it.o(i.DMA2_Stream4_IRQHandler) for DMA2_Stream4_IRQHandler
    startup_stm32f750xx.o(RESET) refers to stm32f7xx_it.o(i.USART6_IRQHandler) for USART6_IRQHandler
    startup_stm32f750xx.o(RESET) refers to stm32f7xx_it.o(i.UART7_IRQHandler) for UART7_IRQHandler
    startup_stm32f750xx.o(RESET) refers to stm32f7xx_it.o(i.UART8_IRQHandler) for UART8_IRQHandler
    startup_stm32f750xx.o(.text) refers to system_stm32f7xx.o(i.SystemInit) for SystemInit
    startup_stm32f750xx.o(.text) refers to entry.o(.ARM.Collect$$$$00000000) for __main
    main.o(i.MPU_Config) refers to stm32f7xx_hal_cortex.o(i.HAL_MPU_Disable) for HAL_MPU_Disable
    main.o(i.MPU_Config) refers to stm32f7xx_hal_cortex.o(i.HAL_MPU_ConfigRegion) for HAL_MPU_ConfigRegion
    main.o(i.MPU_Config) refers to stm32f7xx_hal_cortex.o(i.HAL_MPU_Enable) for HAL_MPU_Enable
    main.o(i.SystemClock_Config) refers to memseta.o(.text) for __aeabi_memclr4
    main.o(i.SystemClock_Config) refers to stm32f7xx_hal_rcc.o(i.HAL_RCC_OscConfig) for HAL_RCC_OscConfig
    main.o(i.SystemClock_Config) refers to main.o(i.Error_Handler) for Error_Handler
    main.o(i.SystemClock_Config) refers to stm32f7xx_hal_pwr_ex.o(i.HAL_PWREx_EnableOverDrive) for HAL_PWREx_EnableOverDrive
    main.o(i.SystemClock_Config) refers to stm32f7xx_hal_rcc.o(i.HAL_RCC_ClockConfig) for HAL_RCC_ClockConfig
    main.o(i.main) refers to main.o(i.MPU_Config) for MPU_Config
    main.o(i.main) refers to stm32f7xx_hal.o(i.HAL_Init) for HAL_Init
    main.o(i.main) refers to main.o(i.SystemClock_Config) for SystemClock_Config
    main.o(i.main) refers to gpio.o(i.MX_GPIO_Init) for MX_GPIO_Init
    main.o(i.main) refers to dma.o(i.MX_DMA_Init) for MX_DMA_Init
    main.o(i.main) refers to tim.o(i.MX_TIM1_Init) for MX_TIM1_Init
    main.o(i.main) refers to tim.o(i.MX_TIM2_Init) for MX_TIM2_Init
    main.o(i.main) refers to tim.o(i.MX_TIM3_Init) for MX_TIM3_Init
    main.o(i.main) refers to usart.o(i.MX_USART3_UART_Init) for MX_USART3_UART_Init
    main.o(i.main) refers to usart.o(i.MX_USART2_UART_Init) for MX_USART2_UART_Init
    main.o(i.main) refers to tim.o(i.MX_TIM4_Init) for MX_TIM4_Init
    main.o(i.main) refers to usart.o(i.MX_UART4_Init) for MX_UART4_Init
    main.o(i.main) refers to usart.o(i.MX_USART6_UART_Init) for MX_USART6_UART_Init
    main.o(i.main) refers to usart.o(i.MX_UART8_Init) for MX_UART8_Init
[...]
    __asm___6_port_c_39a90d8d__prvStartFirstTask 0x080001fd   Thumb Code    36  port.o(.emb_text)
    __asm___6_port_c_39a90d8d__prvEnableVFP  0x08000225   Thumb Code    16  port.o(.emb_text)
    PendSV_Handler                           0x08000239   Thumb Code    92  port.o(.emb_text)
    vPortGetIPSR                             0x08000299   Thumb Code     6  port.o(.emb_text)
    Reset_Handler                            0x080002a1   Thumb Code     8  startup_stm32f750xx.o(.text)
    ADC_IRQHandler                           0x080002bb   Thumb Code     0  startup_stm32f750xx.o(.text)
    CAN1_RX0_IRQHandler                      0x080002bb   Thumb Code     0  startup_stm32f750xx.o(.text)
    CAN1_RX1_IRQHandler                      0x080002bb   Thumb Code     0  startup_stm32f750xx.o(.text)
    CAN1_SCE_IRQHandler                      0x080002bb   Thumb Code     0  startup_stm32f750xx.o(.text)
    CAN1_TX_IRQHandler                       0x080002bb   Thumb Code     0  startup_stm32f750xx.o(.text)
    CAN2_RX0_IRQHandler                      0x080002bb   Thumb Code     0  startup_stm32f750xx.o(.text)
    CAN2_RX1_IRQHandler                      0x080002bb   Thumb Code     0  startup_stm32f750xx.o(.text)
    CAN2_SCE_IRQHandler                      0x080002bb   Thumb Code     0  startup_stm32f750xx.o(.text)
    CAN2_TX_IRQHandler                       0x080002bb   Thumb Code     0  startup_stm32f750xx.o(.text)
    CEC_IRQHandler                           0x080002bb   Thumb Code     0  startup_stm32f750xx.o(.text)
    CRYP_IRQHandler                          0x080002bb   Thumb Code     0  startup_stm32f750xx.o(.text)
    DCMI_IRQHandler                          0x080002bb   Thumb Code     0  startup_stm32f750xx.o(.text)
    DMA1_Stream7_IRQHandler                  0x080002bb   Thumb Code     0  startup_stm32f750xx.o(.text)
    DMA2D_IRQHandler                         0x080002bb   Thumb Code     0  startup_stm32f750xx.o(.text)
    DMA2_Stream0_IRQHandler                  0x080002bb   Thumb Code     0  startup_stm32f750xx.o(.text)
    DMA2_Stream2_IRQHandler                  0x080002bb   Thumb Code     0  startup_stm32f750xx.o(.text)
    DMA2_Stream3_IRQHandler                  0x080002bb   Thumb Code     0  startup_stm32f750xx.o(.text)
    DMA2_Stream5_IRQHandler                  0x080002bb   Thumb Code     0  startup_stm32f750xx.o(.text)
    DMA2_Stream6_IRQHandler                  0x080002bb   Thumb Code     0  startup_stm32f750xx.o(.text)
    DMA2_Stream7_IRQHandler                  0x080002bb   Thumb Code     0  startup_stm32f750xx.o(.text)
    ETH_IRQHandler                           0x080002bb   Thumb Code     0  startup_stm32f750xx.o(.text)
    ETH_WKUP_IRQHandler                      0x080002bb   Thumb Code     0  startup_stm32f750xx.o(.text)
    EXTI0_IRQHandler                         0x080002bb   Thumb Code     0  startup_stm32f750xx.o(.text)
    EXTI15_10_IRQHandler                     0x080002bb   Thumb Code     0  startup_stm32f750xx.o(.text)
    EXTI1_IRQHandler                         0x080002bb   Thumb Code     0  startup_stm32f750xx.o(.text)
    EXTI2_IRQHandler                         0x080002bb   Thumb Code     0  startup_stm32f750xx.o(.text)
    EXTI3_IRQHandler                         0x080002bb   Thumb Code     0  startup_stm32f750xx.o(.text)
    EXTI4_IRQHandler                         0x080002bb   Thumb Code     0  startup_stm32f750xx.o(.text)
    EXTI9_5_IRQHandler                       0x080002bb   Thumb Code     0  startup_stm32f750xx.o(.text)
    FLASH_IRQHandler                         0x080002bb   Thumb Code     0  startup_stm32f750xx.o(.text)
    FMC_IRQHandler                           0x080002bb   Thumb Code     0  startup_stm32f750xx.o(.text)
    FPU_IRQHandler                           0x080002bb   Thumb Code     0  startup_stm32f750xx.o(.text)
    HASH_RNG_IRQHandler                      0x080002bb   Thumb Code     0  startup_stm32f750xx.o(.text)
    I2C1_ER_IRQHandler                       0x080002bb   Thumb Code     0  startup_stm32f750xx.o(.text)
    I2C1_EV_IRQHandler                       0x080002bb   Thumb Code     0  startup_stm32f750xx.o(.text)
    I2C2_ER_IRQHandler                       0x080002bb   Thumb Code     0  startup_stm32f750xx.o(.text)
    I2C2_EV_IRQHandler                       0x080002bb   Thumb Code     0  startup_stm32f750xx.o(.text)
    I2C3_ER_IRQHandler                       0x080002bb   Thumb Code     0  startup_stm32f750xx.o(.text)
    I2C3_EV_IRQHandler                       0x080002bb   Thumb Code     0  startup_stm32f750xx.o(.text)
    I2C4_ER_IRQHandler                       0x080002bb   Thumb Code     0  startup_stm32f750xx.o(.text)
    I2C4_EV_IRQHandler                       0x080002bb   Thumb Code     0  startup_stm32f750xx.o(.text)
    LPTIM1_IRQHandler                        0x080002bb   Thumb Code     0  startup_stm32f750xx.o(.text)
    LTDC_ER_IRQHandler                       0x080002bb   Thumb Code     0  startup_stm32f750xx.o(.text)
    LTDC_IRQHandler                          0x080002bb   Thumb Code     0  startup_stm32f750xx.o(.text)
    OTG_FS_IRQHandler                        0x080002bb   Thumb Code     0  startup_stm32f750xx.o(.text)
    OTG_FS_WKUP_IRQHandler                   0x080002bb   Thumb Code     0  startup_stm32f750xx.o(.text)
    OTG_HS_EP1_IN_IRQHandler                 0x080002bb   Thumb Code     0  startup_stm32f750xx.o(.text)
    OTG_HS_EP1_OUT_IRQHandler                0x080002bb   Thumb Code     0  startup_stm32f750xx.o(.text)
    OTG_HS_IRQHandler                        0x080002bb   Thumb Code     0  startup_stm32f750xx.o(.text)
    OTG_HS_WKUP_IRQHandler                   0x080002bb   Thumb Code     0  startup_stm32f750xx.o(.text)
    PVD_IRQHandler                           0x080002bb   Thumb Code     0  startup_stm32f750xx.o(.text)
    QUADSPI_IRQHandler                       0x080002bb   Thumb Code     0  startup_stm32f750xx.o(.text)
    RCC_IRQHandler                           0x080002bb   Thumb Code     0  startup_stm32f750xx.o(.text)
    RTC_Alarm_IRQHandler                     0x080002bb   Thumb Code     0  startup_stm32f750xx.o(.text)
    RTC_WKUP_IRQHandler                      0x080002bb   Thumb Code     0  startup_stm32f750xx.o(.text)
    SAI1_IRQHandler                          0x080002bb   Thumb Code     0  startup_stm32f750xx.o(.text)
    SAI2_IRQHandler                          0x080002bb   Thumb Code     0  startup_stm32f750xx.o(.text)
    SDMMC1_IRQHandler                        0x080002bb   Thumb Code     0  startup_stm32f750xx.o(.text)
    SPDIF_RX_IRQHandler                      0x080002bb   Thumb Code     0  startup_stm32f750xx.o(.text)
    SPI1_IRQHandler                          0x080002bb   Thumb Code     0  startup_stm32f750xx.o(.text)
    SPI2_IRQHandler                          0x080002bb   Thumb Code     0  startup_stm32f750xx.o(.text)
    SPI3_IRQHandler                          0x080002bb   Thumb Code     0  startup_stm32f750xx.o(.text)
    SPI4_IRQHandler                          0x080002bb   Thumb Code     0  startup_stm32f750xx.o(.text)
    SPI5_IRQHandler                          0x080002bb   Thumb Code     0  startup_stm32f750xx.o(.text)
    SPI6_IRQHandler                          0x080002bb   Thumb Code     0  startup_stm32f750xx.o(.text)
    TAMP_STAMP_IRQHandler                    0x080002bb   Thumb Code     0  startup_stm32f750xx.o(.text)
    TIM1_BRK_TIM9_IRQHandler                 0x080002bb   Thumb Code     0  startup_stm32f750xx.o(.text)
    TIM1_CC_IRQHandler                       0x080002bb   Thumb Code     0  startup_stm32f750xx.o(.text)
    TIM1_TRG_COM_TIM11_IRQHandler            0x080002bb   Thumb Code     0  startup_stm32f750xx.o(.text)
    TIM1_UP_TIM10_IRQHandler                 0x080002bb   Thumb Code     0  startup_stm32f750xx.o(.text)
    TIM2_IRQHandler                          0x080002bb   Thumb Code     0  startup_stm32f750xx.o(.text)
    TIM3_IRQHandler                          0x080002bb   Thumb Code     0  startup_stm32f750xx.o(.text)
    TIM4_IRQHandler                          0x080002bb   Thumb Code     0  startup_stm32f750xx.o(.text)
    TIM5_IRQHandler                          0x080002bb   Thumb Code     0  startup_stm32f750xx.o(.text)
    TIM6_DAC_IRQHandler                      0x080002bb   Thumb Code     0  startup_stm32f750xx.o(.text)
    TIM7_IRQHandler                          0x080002bb   Thumb Code     0  startup_stm32f750xx.o(.text)
    TIM8_BRK_TIM12_IRQHandler                0x080002bb   Thumb Code     0  startup_stm32f750xx.o(.text)
    TIM8_CC_IRQHandler                       0x080002bb   Thumb Code     0  startup_stm32f750xx.o(.text)
    TIM8_TRG_COM_TIM14_IRQHandler            0x080002bb   Thumb Code     0  startup_stm32f750xx.o(.text)
    TIM8_UP_TIM13_IRQHandler                 0x080002bb   Thumb Code     0  startup_stm32f750xx.o(.text)
    WWDG_IRQHandler                          0x080002bb   Thumb Code     0  startup_stm32f750xx.o(.text)
    __aeabi_uldivmod                         0x080002c5   Thumb Code    98  uldiv.o(.text)
    __aeabi_memset                           0x08000327   Thumb Code    14  memseta.o(.text)
    __aeabi_memset4                          0x08000327   Thumb Code     0  memseta.o(.text)
    __aeabi_memset8                          0x08000327   Thumb Code     0  memseta.o(.text)
    __aeabi_memclr                           0x08000335   Thumb Code     4  memseta.o(.text)
    __aeabi_memclr4                          0x08000335   Thumb Code     0  memseta.o(.text)
    __aeabi_memclr8                          0x08000335   Thumb Code     0  memseta.o(.text)
    memset                                   0x08000339   Thumb Code    18  memseta.o(.text)
    __aeabi_dadd                             0x0800034b   Thumb Code   322  dadd.o(.text)
    __aeabi_dsub                             0x0800048d   Thumb Code     6  dadd.o(.text)
    __aeabi_drsub                            0x08000493   Thumb Code     6  dadd.o(.text)
    __aeabi_dmul                             0x08000499   Thumb Code   228  dmul.o(.text)
    __aeabi_ddiv                             0x0800057d   Thumb Code   222  ddiv.o(.text)
    __aeabi_i2d                              0x0800065b   Thumb Code    34  dflti.o(.text)
    __aeabi_d2iz                             0x0800067d   Thumb Code    62  dfixi.o(.text)
    __aeabi_f2d                              0x080006bb   Thumb Code    38  f2d.o(.text)
    __aeabi_cdcmpeq                          0x080006e1   Thumb Code     0  cdcmple.o(.text)
    __aeabi_cdcmple                          0x080006e1   Thumb Code    48  cdcmple.o(.text)
    __aeabi_cdrcmple                         0x08000711   Thumb Code    48  cdrcmple.o(.text)
    __aeabi_d2f                              0x08000741   Thumb Code    56  d2f.o(.text)
    __aeabi_llsl                             0x08000779   Thumb Code    30  llshl.o(.text)
    _ll_shift_l                              0x08000779   Thumb Code     0  llshl.o(.text)
    __aeabi_llsr                             0x08000797   Thumb Code    32  llushr.o(.text)
    _ll_ushift_r                             0x08000797   Thumb Code     0  llushr.o(.text)
    __aeabi_lasr                             0x080007b7   Thumb Code    36  llsshr.o(.text)
    _ll_sshift_r                             0x080007b7   Thumb Code     0  llsshr.o(.text)
    __I$use$fp                               0x080007db   Thumb Code     0  iusefp.o(.text)
    _float_round                             0x080007db   Thumb Code    18  fepilogue.o(.text)
    _float_epilogue                          0x080007ed   Thumb Code    92  fepilogue.o(.text)
    _double_round                            0x08000849   Thumb Code    30  depilogue.o(.text)
    _double_epilogue                         0x08000867   Thumb Code   156  depilogue.o(.text)
    __scatterload                            0x08000905   Thumb Code    28  init.o(.text)
    __scatterload_rt2                        0x08000905   Thumb Code     0  init.o(.text)
    __decompress                             0x08000929   Thumb Code     0  __dczerorl2.o(.text)
    __decompress1                            0x08000929   Thumb Code    86  __dczerorl2.o(.text)
    ALL_Main_Task                            0x08000981   Thumb Code    32  main_task.o(i.ALL_Main_Task)
    ARM_UART_RxCpltCallback                  0x080009a5   Thumb Code    64  arm_cmd.o(i.ARM_UART_RxCpltCallback)
    BTrk09scor                               0x080009f1   Thumb Code   416  main_task.o(i.BTrk09scor)
    Blue_Main_Task                           0x08000b95   Thumb Code    50  main_task.o(i.Blue_Main_Task)
    Blue_colu2stack                          0x08000bc9   Thumb Code   100  main_task.o(i.Blue_colu2stack)
    Blue_go_home                             0x08000c35   Thumb Code    92  main_task.o(i.Blue_go_home)
    Blue_stack                               0x08000c95   Thumb Code   880  main_task.o(i.Blue_stack)
    BusFault_Handler                         0x0800100d   Thumb Code     4  stm32f7xx_it.o(i.BusFault_Handler)
    Circular                                 0x08001011   Thumb Code   320  main_task.o(i.Circular)
    Clr_Cmd_Return_rx_buf                    0x08001165   Thumb Code    18  motor_command.o(i.Clr_Cmd_Return_rx_buf)
    DMA1_Stream0_IRQHandler                  0x08001181   Thumb Code    10  stm32f7xx_it.o(i.DMA1_Stream0_IRQHandler)
    DMA1_Stream1_IRQHandler                  0x08001191   Thumb Code    10  stm32f7xx_it.o(i.DMA1_Stream1_IRQHandler)
    DMA1_Stream2_IRQHandler                  0x080011a1   Thumb Code    10  stm32f7xx_it.o(i.DMA1_Stream2_IRQHandler)
    DMA1_Stream3_IRQHandler                  0x080011b1   Thumb Code    10  stm32f7xx_it.o(i.DMA1_Stream3_IRQHandler)
    DMA1_Stream4_IRQHandler                  0x080011c1   Thumb Code    10  stm32f7xx_it.o(i.DMA1_Stream4_IRQHandler)
    DMA1_Stream5_IRQHandler                  0x080011d1   Thumb Code    10  stm32f7xx_it.o(i.DMA1_Stream5_IRQHandler)
    DMA1_Stream6_IRQHandler                  0x080011e1   Thumb Code    10  stm32f7xx_it.o(i.DMA1_Stream6_IRQHandler)
    DMA2_Stream1_IRQHandler                  0x080011f1   Thumb Code    10  stm32f7xx_it.o(i.DMA2_Stream1_IRQHandler)
    DMA2_Stream4_IRQHandler                  0x08001201   Thumb Code    10  stm32f7xx_it.o(i.DMA2_Stream4_IRQHandler)
    DebugMon_Handler                         0x0800131b   Thumb Code     2  stm32f7xx_it.o(i.DebugMon_Handler)
    Disc2Stairs                              0x0800131d   Thumb Code   236  main_task.o(i.Disc2Stairs)
    Disc_catch                               0x08001411   Thumb Code   174  main_task.o(i.Disc_catch)
    Error_Handler                            0x080014bf   Thumb Code     6  main.o(i.Error_Handler)
    Fast_Mapping_Run                         0x080014c5   Thumb Code   356  main_task.o(i.Fast_Mapping_Run)
    Get_Motor_Rotted_Angle_Fun               0x0800164d   Thumb Code   142  motor_command.o(i.Get_Motor_Rotted_Angle_Fun)
    HAL_DMA_Abort                            0x080016f1   Thumb Code   172  stm32f7xx_hal_dma.o(i.HAL_DMA_Abort)
    HAL_DMA_Abort_IT                         0x0800179d   Thumb Code    40  stm32f7xx_hal_dma.o(i.HAL_DMA_Abort_IT)
    HAL_DMA_GetError                         0x080017c5   Thumb Code     6  stm32f7xx_hal_dma.o(i.HAL_DMA_GetError)
    HAL_DMA_IRQHandler                       0x080017cd   Thumb Code   570  stm32f7xx_hal_dma.o(i.HAL_DMA_IRQHandler)
    HAL_DMA_Init                             0x08001a0d   Thumb Code   234  stm32f7xx_hal_dma.o(i.HAL_DMA_Init)
    HAL_DMA_Start_IT                         0x08001afd   Thumb Code   158  stm32f7xx_hal_dma.o(i.HAL_DMA_Start_IT)
    HAL_GPIO_Init                            0x08001b9d   Thumb Code   472  stm32f7xx_hal_gpio.o(i.HAL_GPIO_Init)
    HAL_GPIO_ReadPin                         0x08001da9   Thumb Code    16  stm32f7xx_hal_gpio.o(i.HAL_GPIO_ReadPin)
    HAL_GetTick                              0x08001db9   Thumb Code     6  stm32f7xx_hal.o(i.HAL_GetTick)
    HAL_IncTick                              0x08001dc5   Thumb Code    16  stm32f7xx_hal.o(i.HAL_IncTick)
    HAL_Init                                 0x08001ddd   Thumb Code    22  stm32f7xx_hal.o(i.HAL_Init)
    HAL_InitTick                             0x08001df5   Thumb Code    64  stm32f7xx_hal.o(i.HAL_InitTick)
    HAL_MPU_ConfigRegion                     0x08001e41   Thumb Code    86  stm32f7xx_hal_cortex.o(i.HAL_MPU_ConfigRegion)
    HAL_MPU_Disable                          0x08001e9d   Thumb Code    38  stm32f7xx_hal_cortex.o(i.HAL_MPU_Disable)
    HAL_MPU_Enable                           0x08001ec9   Thumb Code    58  stm32f7xx_hal_cortex.o(i.HAL_MPU_Enable)
    HAL_MspInit                              0x08001f09   Thumb Code    70  stm32f7xx_hal_msp.o(i.HAL_MspInit)
    HAL_NVIC_EnableIRQ                       0x08001f55   Thumb Code    32  stm32f7xx_hal_cortex.o(i.HAL_NVIC_EnableIRQ)
    HAL_NVIC_SetPriority                     0x08001f75   Thumb Code   124  stm32f7xx_hal_cortex.o(i.HAL_NVIC_SetPriority)
    HAL_NVIC_SetPriorityGrouping             0x08001ff1   Thumb Code    32  stm32f7xx_hal_cortex.o(i.HAL_NVIC_SetPriorityGrouping)
    HAL_PWREx_EnableOverDrive                0x08002019   Thumb Code   136  stm32f7xx_hal_pwr_ex.o(i.HAL_PWREx_EnableOverDrive)
    HAL_RCCEx_PeriphCLKConfig                0x080020a9   Thumb Code  1760  stm32f7xx_hal_rcc_ex.o(i.HAL_RCCEx_PeriphCLKConfig)
    HAL_RCC_ClockConfig                      0x0800278d   Thumb Code   384  stm32f7xx_hal_rcc.o(i.HAL_RCC_ClockConfig)
    HAL_RCC_GetHCLKFreq                      0x08002921   Thumb Code     6  stm32f7xx_hal_rcc.o(i.HAL_RCC_GetHCLKFreq)
    HAL_RCC_GetPCLK1Freq                     0x0800292d   Thumb Code    22  stm32f7xx_hal_rcc.o(i.HAL_RCC_GetPCLK1Freq)
    HAL_RCC_GetPCLK2Freq                     0x0800294d   Thumb Code    22  stm32f7xx_hal_rcc.o(i.HAL_RCC_GetPCLK2Freq)
    HAL_RCC_GetSysClockFreq                  0x0800296d   Thumb Code   162  stm32f7xx_hal_rcc.o(i.HAL_RCC_GetSysClockFreq)
    HAL_RCC_OscConfig                        0x08002a1d   Thumb Code  1278  stm32f7xx_hal_rcc.o(i.HAL_RCC_OscConfig)
    HAL_SYSTICK_Config                       0x08002f21   Thumb Code    52  stm32f7xx_hal_cortex.o(i.HAL_SYSTICK_Config)
    HAL_TIMEx_MasterConfigSynchronization    0x08002f55   Thumb Code   174  stm32f7xx_hal_tim_ex.o(i.HAL_TIMEx_MasterConfigSynchronization)
    HAL_TIM_Base_Init                        0x08003021   Thumb Code   110  stm32f7xx_hal_tim.o(i.HAL_TIM_Base_Init)
    HAL_TIM_Base_MspInit                     0x08003091   Thumb Code   246  tim.o(i.HAL_TIM_Base_MspInit)
    HAL_TIM_Base_Start_IT                    0x080031a1   Thumb Code   146  stm32f7xx_hal_tim.o(i.HAL_TIM_Base_Start_IT)
    HAL_TIM_ConfigClockSource                0x08003255   Thumb Code   268  stm32f7xx_hal_tim.o(i.HAL_TIM_ConfigClockSource)
    HAL_UARTEx_RxEventCallback               0x08003365   Thumb Code     2  stm32f7xx_hal_uart.o(i.HAL_UARTEx_RxEventCallback)
    HAL_UART_DMAStop                         0x08003367   Thumb Code   182  stm32f7xx_hal_uart.o(i.HAL_UART_DMAStop)
    HAL_UART_ErrorCallback                   0x0800341d   Thumb Code     2  stm32f7xx_hal_uart.o(i.HAL_UART_ErrorCallback)
    HAL_UART_IRQHandler                      0x08003421   Thumb Code   810  stm32f7xx_hal_uart.o(i.HAL_UART_IRQHandler)
    HAL_UART_Init                            0x08003755   Thumb Code   116  stm32f7xx_hal_uart.o(i.HAL_UART_Init)
    HAL_UART_MspInit                         0x080037c9   Thumb Code  1724  usart.o(i.HAL_UART_MspInit)
    HAL_UART_Receive_DMA                     0x08003eb9   Thumb Code    80  stm32f7xx_hal_uart.o(i.HAL_UART_Receive_DMA)
    HAL_UART_Receive_IT                      0x08003f09   Thumb Code    80  stm32f7xx_hal_uart.o(i.HAL_UART_Receive_IT)
    HAL_UART_RxCpltCallback                  0x08003f59   Thumb Code   120  serial.o(i.HAL_UART_RxCpltCallback)
    HAL_UART_RxHalfCpltCallback              0x08003fed   Thumb Code     2  stm32f7xx_hal_uart.o(i.HAL_UART_RxHalfCpltCallback)
    HAL_UART_Transmit                        0x08003fef   Thumb Code   186  stm32f7xx_hal_uart.o(i.HAL_UART_Transmit)
    HAL_UART_TxCpltCallback                  0x080040a9   Thumb Code     2  stm32f7xx_hal_uart.o(i.HAL_UART_TxCpltCallback)
    HardFault_Handler                        0x080040ab   Thumb Code     4  stm32f7xx_it.o(i.HardFault_Handler)
    IsReady                                  0x080040af   Thumb Code    26  main_task.o(i.IsReady)
    MV_UART_IDLECallback                     0x08004121   Thumb Code    34  openmv_cmd.o(i.MV_UART_IDLECallback)
    MV_UART_IDLE_IRQHandler                  0x08004151   Thumb Code    40  openmv_cmd.o(i.MV_UART_IDLE_IRQHandler)
    MX_DMA_Init                              0x08004181   Thumb Code   202  dma.o(i.MX_DMA_Init)
    MX_GPIO_Init                             0x08004251   Thumb Code   240  gpio.o(i.MX_GPIO_Init)
    MX_TIM1_Init                             0x08004351   Thumb Code   106  tim.o(i.MX_TIM1_Init)
    MX_TIM2_Init                             0x080043c5   Thumb Code   104  tim.o(i.MX_TIM2_Init)
    MX_TIM3_Init                             0x08004431   Thumb Code   102  tim.o(i.MX_TIM3_Init)
    MX_TIM4_Init                             0x080044a1   Thumb Code   102  tim.o(i.MX_TIM4_Init)
    MX_UART4_Init                            0x08004511   Thumb Code    56  usart.o(i.MX_UART4_Init)
    MX_UART5_Init                            0x08004551   Thumb Code    56  usart.o(i.MX_UART5_Init)
    MX_UART7_Init                            0x08004591   Thumb Code    56  usart.o(i.MX_UART7_Init)
    MX_UART8_Init                            0x080045d1   Thumb Code    56  usart.o(i.MX_UART8_Init)
    MX_USART1_UART_Init                      0x08004611   Thumb Code    56  usart.o(i.MX_USART1_UART_Init)
    MX_USART2_UART_Init                      0x08004651   Thumb Code    56  usart.o(i.MX_USART2_UART_Init)
    MX_USART3_UART_Init                      0x08004691   Thumb Code    56  usart.o(i.MX_USART3_UART_Init)
    MX_USART6_UART_Init                      0x080046d1   Thumb Code    54  usart.o(i.MX_USART6_UART_Init)
    Mecanum_Wheel_Solve                      0x08004715   Thumb Code   296  motor_command.o(i.Mecanum_Wheel_Solve)
    MemManage_Handler                        0x08004849   Thumb Code     4  stm32f7xx_it.o(i.MemManage_Handler)
    Motor_Run                                0x0800484d   Thumb Code    78  motor_command.o(i.Motor_Run)
    Motor_Speed_Control                      0x080048ad   Thumb Code    98  motor_command.o(i.Motor_Speed_Control)
    Motor_mecanum_wheel_pid_rot_run          0x08004921   Thumb Code   430  motor_run.o(i.Motor_mecanum_wheel_pid_rot_run)
    Motor_mecanum_wheel_pid_straight_run     0x08004af5   Thumb Code   140  motor_run.o(i.Motor_mecanum_wheel_pid_straight_run)
    Motor_mecanum_wheel_pid_straight_run_smooth 0x08004b9d   Thumb Code   456  motor_run.o(i.Motor_mecanum_wheel_pid_straight_run_smooth)
    Motor_mecanum_wheel_pid_translate_run    0x08004d81   Thumb Code   140  motor_run.o(i.Motor_mecanum_wheel_pid_translate_run)
    Motor_mecanum_wheel_speed_run            0x08004e29   Thumb Code   376  motor_run.o(i.Motor_mecanum_wheel_speed_run)
    Motor_stop                               0x08004fd1   Thumb Code    16  main_task.o(i.Motor_stop)
    NMI_Handler                              0x08004fe1   Thumb Code     4  stm32f7xx_it.o(i.NMI_Handler)
    PID_Init                                 0x08004fe5   Thumb Code    80  pid.o(i.PID_Init)
    Pillar_catch                             0x08005055   Thumb Code   510  main_task.o(i.Pillar_catch)
    Position_PID                             0x0800526d   Thumb Code   178  pid.o(i.Position_PID)
    QR_UART_RxCpltCallback                   0x0800532d   Thumb Code    42  qrcode.o(i.QR_UART_RxCpltCallback)
    RFID_UART_RxCpltCallback                 0x08005369   Thumb Code    30  rfid.o(i.RFID_UART_RxCpltCallback)
    R_Disc2Stairs                            0x08005399   Thumb Code   236  main_task.o(i.R_Disc2Stairs)
    R_find_Disc                              0x0800548d   Thumb Code    64  main_task.o(i.R_find_Disc)
    Red_Main_Task                            0x080054d5   Thumb Code    50  main_task.o(i.Red_Main_Task)
    Red_go_home                              0x08005509   Thumb Code    64  main_task.o(i.Red_go_home)
    STPMOT_UART_IDLECallback                 0x0800554d   Thumb Code    60  stepmotor_cmd.o(i.STPMOT_UART_IDLECallback)
    STPMOT_UART_IDLE_IRQHandler              0x08005595   Thumb Code    32  stepmotor_cmd.o(i.STPMOT_UART_IDLE_IRQHandler)
    Set_Motors_Zero                          0x080055b9   Thumb Code    80  motor_command.o(i.Set_Motors_Zero)
    Stair_catch                              0x08005619   Thumb Code   656  main_task.o(i.Stair_catch)
    Stairs2Circular                          0x080058ad   Thumb Code   124  main_task.o(i.Stairs2Circular)
    Stepping_Motor_Param_change              0x08005931   Thumb Code    14  motor_run.o(i.Stepping_Motor_Param_change)
    SysTick_Handler                          0x0800593f   Thumb Code    20  stm32f7xx_it.o(i.SysTick_Handler)
    SystemClock_Config                       0x08005955   Thumb Code   174  main.o(i.SystemClock_Config)
    SystemInit                               0x08005a0d   Thumb Code    14  system_stm32f7xx.o(i.SystemInit)
    TIM_Base_SetConfig                       0x08005a21   Thumb Code   186  stm32f7xx_hal_tim.o(i.TIM_Base_SetConfig)
    TIM_ETR_SetConfig                        0x08005b09   Thumb Code    22  stm32f7xx_hal_tim.o(i.TIM_ETR_SetConfig)
    UART4_IRQHandler                         0x08005b81   Thumb Code    10  stm32f7xx_it.o(i.UART4_IRQHandler)
    UART5_IRQHandler                         0x08005b91   Thumb Code    16  stm32f7xx_it.o(i.UART5_IRQHandler)
    UART7_IRQHandler                         0x08005ba5   Thumb Code    10  stm32f7xx_it.o(i.UART7_IRQHandler)
    UART8_IRQHandler                         0x08005bb5   Thumb Code    10  stm32f7xx_it.o(i.UART8_IRQHandler)
    UART_AdvFeatureConfig                    0x08005bc5   Thumb Code   248  stm32f7xx_hal_uart.o(i.UART_AdvFeatureConfig)
    UART_CheckIdleState                      0x08005cbd   Thumb Code   120  stm32f7xx_hal_uart.o(i.UART_CheckIdleState)
    UART_SetConfig                           0x0800611d   Thumb Code   782  stm32f7xx_hal_uart.o(i.UART_SetConfig)
    UART_Start_Receive_DMA                   0x08006459   Thumb Code   180  stm32f7xx_hal_uart.o(i.UART_Start_Receive_DMA)
    UART_Start_Receive_IT                    0x08006519   Thumb Code   234  stm32f7xx_hal_uart.o(i.UART_Start_Receive_IT)
    UART_WaitOnFlagUntilTimeout              0x0800660d   Thumb Code   172  stm32f7xx_hal_uart.o(i.UART_WaitOnFlagUntilTimeout)
    USART1_IRQHandler                        0x080066b9   Thumb Code    10  stm32f7xx_it.o(i.USART1_IRQHandler)
    USART2_IRQHandler                        0x080066c9   Thumb Code   432  imu.o(i.USART2_IRQHandler)
    USART3_IRQHandler                        0x080068a9   Thumb Code   246  motor_command.o(i.USART3_IRQHandler)
    USART6_IRQHandler                        0x080069cd   Thumb Code    16  stm32f7xx_it.o(i.USART6_IRQHandler)
    UsageFault_Handler                       0x080069e1   Thumb Code     4  stm32f7xx_it.o(i.UsageFault_Handler)
    __scatterload_copy                       0x08006a1d   Thumb Code    14  handlers.o(i.__scatterload_copy)
    __scatterload_null                       0x08006a2b   Thumb Code     2  handlers.o(i.__scatterload_null)
    __scatterload_zeroinit                   0x08006a2d   Thumb Code    14  handlers.o(i.__scatterload_zeroinit)
    arm_action_group_run                     0x08006a3d   Thumb Code   200  arm_cmd.o(i.arm_action_group_run)
    arm_init                                 0x08006b21   Thumb Code    32  arm_cmd.o(i.arm_init)
    arm_isrespond                            0x08006b4d   Thumb Code    22  arm_cmd.o(i.arm_isrespond)
    ball_step_putback                        0x08006b69   Thumb Code   226  main_task.o(i.ball_step_putback)
    bar_edge                                 0x08006c4d   Thumb Code   100  main_task.o(i.bar_edge)
    clab_bar_quad                            0x08006cb5   Thumb Code   138  main_task.o(i.clab_bar_quad)
    cmd_action_group_run                     0x08006d41   Thumb Code    60  arm_cmd.o(i.cmd_action_group_run)
    configureTimerForRunTimeStats            0x08006dc1   Thumb Code     2  freertos.o(i.configureTimerForRunTimeStats)
    delay_init                               0x08006dc5   Thumb Code    10  delay.o(i.delay_init)
    find_Disc                                0x08006dd5   Thumb Code    64  main_task.o(i.find_Disc)
    find_bar_quad                            0x08006e1d   Thumb Code   202  main_task.o(i.find_bar_quad)
    find_colu                                0x08006eed   Thumb Code   134  main_task.o(i.find_colu)
    getRunTimeCounterValue                   0x08006f73   Thumb Code     4  freertos.o(i.getRunTimeCounterValue)
    gyro_init                                0x08006f79   Thumb Code    74  imu.o(i.gyro_init)
    gyro_set_0                               0x08006fd9   Thumb Code    80  imu.o(i.gyro_set_0)
    gyro_set_plus_90                         0x08007031   Thumb Code    54  imu.o(i.gyro_set_plus_90)
    gyro_set_reduce_90                       0x08007075   Thumb Code    54  imu.o(i.gyro_set_reduce_90)
    gyro_task                                0x080070bd   Thumb Code    26  gyro_task.o(i.gyro_task)
    gyro_task_create                         0x080070e1   Thumb Code    24  gyro_task.o(i.gyro_task_create)
    load2_check_flag                         0x0800710d   Thumb Code    14  load2.o(i.load2_check_flag)
    load2_enable_flag                        0x08007121   Thumb Code     6  load2.o(i.load2_enable_flag)
    load2_find_zero                          0x0800712d   Thumb Code    30  load2.o(i.load2_find_zero)
    load2_init                               0x0800714b   Thumb Code     8  load2.o(i.load2_init)
    load2_last_nflag                         0x08007153   Thumb Code    28  load2.o(i.load2_last_nflag)
    load2_main                               0x08007171   Thumb Code   128  load2.o(i.load2_main)
    load2_next_flag                          0x080071fd   Thumb Code    24  load2.o(i.load2_next_flag)
    load2_next_nflag                         0x08007215   Thumb Code    28  load2.o(i.load2_next_nflag)
    load2_scores_in                          0x08007231   Thumb Code    82  load2.o(i.load2_scores_in)
    load2_scores_out                         0x08007291   Thumb Code    66  load2.o(i.load2_scores_out)
    load2_scores_outid                       0x080072e1   Thumb Code    12  load2.o(i.load2_scores_outid)
    load2_to_place                           0x080072f5   Thumb Code   136  load2.o(i.load2_to_place)
    load_task                                0x08007381   Thumb Code    14  start_task.o(i.load_task)
    load_task_create                         0x08007391   Thumb Code    26  start_task.o(i.load_task_create)
    main                                     0x080073c1   Thumb Code    80  main.o(i.main)
    main_task                                0x08007411   Thumb Code    46  main_task.o(i.main_task)
    main_task_create                         0x08007449   Thumb Code    26  main_task.o(i.main_task_create)
    motor_usart_init                         0x08007479   Thumb Code    30  motor_command.o(i.motor_usart_init)
    motor_usart_start_receive                0x080074a1   Thumb Code    64  motor_command.o(i.motor_usart_start_receive)
    mpuZreset                                0x080074ed   Thumb Code    30  imu.o(i.mpuZreset)
    mv_unpacked                              0x08007511   Thumb Code   118  openmv_cmd.o(i.mv_unpacked)
    need2turn                                0x08007595   Thumb Code    68  imu.o(i.need2turn)
    openmv_cmd                               0x080075e5   Thumb Code   250  openmv_cmd.o(i.openmv_cmd)
    openmv_getrxmsg                          0x080076ed   Thumb Code    26  openmv_cmd.o(i.openmv_getrxmsg)
    openmv_getrxsta                          0x0800770d   Thumb Code    20  openmv_cmd.o(i.openmv_getrxsta)
    openmv_init                              0x08007725   Thumb Code    30  openmv_cmd.o(i.openmv_init)
    osKernelStart                            0x0800774d   Thumb Code    10  cmsis_os.o(i.osKernelStart)
    pvPortMalloc                             0x08007c0d   Thumb Code   308  heap_4.o(i.pvPortMalloc)
    pxPortInitialiseStack                    0x08007d55   Thumb Code    38  port.o(i.pxPortInitialiseStack)
    qrcode_getRxbuff                         0x08007d81   Thumb Code     6  qrcode.o(i.qrcode_getRxbuff)
    qrcode_init                              0x08007d8d   Thumb Code    14  qrcode.o(i.qrcode_init)
    read_iosensor                            0x08007da5   Thumb Code   250  sensor.o(i.read_iosensor)
    rfid_getid                               0x08007eb5   Thumb Code     6  rfid.o(i.rfid_getid)
    rfid_getsta                              0x08007ec1   Thumb Code    20  rfid.o(i.rfid_getsta)
    rfid_init                                0x08007ed9   Thumb Code    14  rfid.o(i.rfid_init)
    start_task                               0x08007ef1   Thumb Code    32  start_task.o(i.start_task)
    start_task_create                        0x08007f11   Thumb Code    26  start_task.o(i.start_task_create)
    stpmot_find_zero                         0x08007f41   Thumb Code    60  stepmotor_cmd.o(i.stpmot_find_zero)
    stpmot_init                              0x08007f85   Thumb Code    30  stepmotor_cmd.o(i.stpmot_init)
    stpmot_stop_find_zero                    0x08007fad   Thumb Code    52  stepmotor_cmd.o(i.stpmot_stop_find_zero)
    stpmot_to_degree                         0x08007fe9   Thumb Code   112  stepmotor_cmd.o(i.stpmot_to_degree)
    stpmot_work_sta                          0x08008061   Thumb Code    14  stepmotor_cmd.o(i.stpmot_work_sta)
    user_init                                0x08008075   Thumb Code    58  start_task.o(i.user_init)
    user_init_create                         0x080080b9   Thumb Code    26  start_task.o(i.user_init_create)
    uxListRemove                             0x080080e9   Thumb Code    40  list.o(i.uxListRemove)
    vApplicationGetIdleTaskMemory            0x08008111   Thumb Code    16  freertos.o(i.vApplicationGetIdleTaskMemory)
    vApplicationIdleHook                     0x08008129   Thumb Code     2  freertos.o(i.vApplicationIdleHook)
    vListInitialise                          0x0800812b   Thumb Code    26  list.o(i.vListInitialise)
    vListInitialiseItem                      0x08008145   Thumb Code     6  list.o(i.vListInitialiseItem)
    vListInsert                              0x0800814b   Thumb Code    52  list.o(i.vListInsert)
    vListInsertEnd                           0x0800817f   Thumb Code    24  list.o(i.vListInsertEnd)
    vPortEnterCritical                       0x08008199   Thumb Code    84  port.o(i.vPortEnterCritical)
    vPortExitCritical                        0x080081f5   Thumb Code    60  port.o(i.vPortExitCritical)
    vPortFree                                0x08008235   Thumb Code   148  heap_4.o(i.vPortFree)
    vPortSetupTimerInterrupt                 0x080082d1   Thumb Code    36  port.o(i.vPortSetupTimerInterrupt)
    vTaskDelay                               0x080082f9   Thumb Code    86  tasks.o(i.vTaskDelay)
    vTaskDelete                              0x08008359   Thumb Code   206  tasks.o(i.vTaskDelete)
    vTaskStartScheduler                      0x08008451   Thumb Code   158  tasks.o(i.vTaskStartScheduler)
    vTaskSuspendAll                          0x0800850d   Thumb Code    12  tasks.o(i.vTaskSuspendAll)
    vTaskSwitchContext                       0x0800851d   Thumb Code   176  tasks.o(i.vTaskSwitchContext)
    xPortStartScheduler                      0x080085e9   Thumb Code   252  port.o(i.xPortStartScheduler)
    xPortSysTickHandler                      0x080086fd   Thumb Code    50  port.o(i.xPortSysTickHandler)
    xTaskCreate                              0x08008735   Thumb Code   100  tasks.o(i.xTaskCreate)
    xTaskCreateStatic                        0x08008799   Thumb Code   198  tasks.o(i.xTaskCreateStatic)
    xTaskGetSchedulerState                   0x08008861   Thumb Code    24  tasks.o(i.xTaskGetSchedulerState)
    xTaskIncrementTick                       0x08008881   Thumb Code   286  tasks.o(i.xTaskIncrementTick)
    xTaskResumeAll                           0x080089cd   Thumb Code   228  tasks.o(i.xTaskResumeAll)
    AHBPrescTable                            0x08008adc   Data          16  system_stm32f7xx.o(.constdata)
    APBPrescTable                            0x08008aec   Data           8  system_stm32f7xx.o(.constdata)
    Cmd_Set_Zero_HWT101                      0x08008af4   Data           5  imu.o(.constdata)
    Region$$Table$$Base                      0x08008afc   Number         0  anon$$obj.o(Region$$Table)
    Region$$Table$$Limit                     0x08008b1c   Number         0  anon$$obj.o(Region$$Table)
    uwTick                                   0x20000000   Data           4  stm32f7xx_hal.o(.data)
    uwTickPrio                               0x20000004   Data           4  stm32f7xx_hal.o(.data)
    uwTickFreq                               0x20000008   Data           1  stm32f7xx_hal.o(.data)
    SystemCoreClock                          0x2000000c   Data           4  system_stm32f7xx.o(.data)
    pxCurrentTCB                             0x20000010   Data           4  tasks.o(.data)
    buzzer_task_handler                      0x20000078   Data           4  buzzer.o(.data)
    buzzer_wrong_flag                        0x2000007c   Data           1  buzzer.o(.data)
    buzzer_complete_flag                     0x2000007d   Data           1  buzzer.o(.data)
    imu_rx_len                               0x2000007e   Data           1  imu.o(.data)
    RfidRxbuff                               0x2000007f   Data           1  rfid.o(.data)
    rfidRecFlag                              0x20000080   Data           1  rfid.o(.data)
    rfididsave                               0x20000081   Data           1  rfid.o(.data)
    rfididsave_last                          0x20000082   Data           1  rfid.o(.data)
    mv_rxmsg                                 0x20000083   Data           1  openmv_cmd.o(.data)
    mv_rxflag                                0x20000084   Data           1  openmv_cmd.o(.data)
    mv_rxArmflag                             0x20000085   Data           1  openmv_cmd.o(.data)
    mv_mode                                  0x20000086   Data           1  openmv_cmd.o(.data)
    resend_cnt                               0x20000087   Data           1  openmv_cmd.o(.data)
    QRRxbuff                                 0x20000088   Data           1  qrcode.o(.data)
    QRsave                                   0x20000089   Data           3  qrcode.o(.data)
    qrRecsta                                 0x2000008c   Data           1  qrcode.o(.data)
    load2_timeout                            0x2000008e   Data           2  load2.o(.data)
    load2_sta                                0x20000090   Data           1  load2.o(.data)
    ball_outid2                              0x20000091   Data           1  load2.o(.data)
    rfid_dat                                 0x20000092   Data           1  load2.o(.data)
    iosta                                    0x20000093   Data           1  load2.o(.data)
    scorecnt2                                0x20000094   Data           1  load2.o(.data)
    place_now2                               0x20000095   Data           1  load2.o(.data)
    target_place2                            0x20000096   Data           1  load2.o(.data)
    temple_sort                              0x20000097   Data          12  load2.o(.data)
    load_error_flag                          0x200000a3   Data           1  load2.o(.data)
    error_place                              0x200000a4   Data           1  load2.o(.data)
    arm_rxbuff                               0x200000a6   Data           7  arm_cmd.o(.data)
    arm_rxflag                               0x200000ad   Data           1  arm_cmd.o(.data)
    action_speed_g0                          0x200000ae   Data          18  arm_cmd.o(.data)
    action_speed_g1                          0x200000c0   Data          18  arm_cmd.o(.data)
    action_speed_g3                          0x200000d2   Data          18  arm_cmd.o(.data)
    action_speed_g4                          0x200000e4   Data          18  arm_cmd.o(.data)
    action_speed_g5                          0x200000f6   Data          18  arm_cmd.o(.data)
    action_speed_g7                          0x20000108   Data          18  arm_cmd.o(.data)
    action_speed_g11                         0x2000011a   Data          18  arm_cmd.o(.data)
    Motor_L1                                 0x2000012c   Data           2  motor_run.o(.data)
    Motor_L2                                 0x2000012e   Data           2  motor_run.o(.data)
    Motor_R1                                 0x20000130   Data           2  motor_run.o(.data)
    Motor_R2                                 0x20000132   Data           2  motor_run.o(.data)
    dir_1                                    0x20000134   Data           1  motor_run.o(.data)
    dir_3                                    0x20000135   Data           1  motor_run.o(.data)
    dir_2                                    0x20000136   Data           1  motor_run.o(.data)
    dir_4                                    0x20000137   Data           1  motor_run.o(.data)
    oblique_dis                              0x20000138   Data           4  motor_run.o(.data)
    cos_alpha                                0x2000013c   Data           4  motor_run.o(.data)
    sin_alpha                                0x20000140   Data           4  motor_run.o(.data)
    tan_alpha                                0x20000144   Data           4  motor_run.o(.data)
    Scan_Speed                               0x20000148   Data           2  motor_run.o(.data)
    Motor_1                                  0x2000014c   Data          16  motor_command.o(.data)
    Motor_2                                  0x2000015c   Data          16  motor_command.o(.data)
    Motor_3                                  0x2000016c   Data          16  motor_command.o(.data)
    Motor_4                                  0x2000017c   Data          16  motor_command.o(.data)
    rx_end_flag                              0x2000018c   Data           1  motor_command.o(.data)
    receive_mode_flag                        0x2000018d   Data           1  motor_command.o(.data)
    Correct                                  0x2000018e   Data           4  motor_command.o(.data)
    Error                                    0x20000192   Data           4  motor_command.o(.data)
    Cmd_Comfirm_rx_len                       0x20000196   Data           1  motor_command.o(.data)
    Cmd_correct_flag                         0x20000197   Data           1  motor_command.o(.data)
    Cmd_Return_rx_len                        0x20000198   Data           1  motor_command.o(.data)
    Cmd_Return_flag                          0x20000199   Data           1  motor_command.o(.data)
    cmd3                                     0x2000019a   Data           3  motor_command.o(.data)
    cmd4                                     0x2000019d   Data           4  motor_command.o(.data)
    cmd8                                     0x200001a1   Data           8  motor_command.o(.data)
    stpmotRecFlag                            0x200001a9   Data           1  stepmotor_cmd.o(.data)
    stpmot_spin_sta                          0x200001aa   Data           1  stepmotor_cmd.o(.data)
    dir                                      0x200001ab   Data           1  stepmotor_cmd.o(.data)
    find_zero_sta                            0x200001ac   Data           1  stepmotor_cmd.o(.data)
    main_task_handler                        0x200001b0   Data           4  main_task.o(.data)
    CHECK_Speed                              0x200001b4   Data           4  main_task.o(.data)
    Main_Task                                0x200001b8   Data        1400  main_task.o(.data)
    R_Main_Task                              0x20000730   Data        1400  main_task.o(.data)
    Stop_flag                                0x20000ca8   Data           1  main_task.o(.data)
    transfer_flag                            0x20000ca9   Data           1  main_task.o(.data)
    QRcode_store                             0x20000caa   Data           6  main_task.o(.data)
    gyro_task_handler                        0x20000cb0   Data           4  gyro_task.o(.data)
    x_delay_task_handler                     0x20000cb4   Data           4  gyro_task.o(.data)
    y_delay_task_handler                     0x20000cb8   Data           4  gyro_task.o(.data)
    stop_flag                                0x20000cbc   Data           1  gyro_task.o(.data)
    x_stop_flag                              0x20000cbd   Data           1  gyro_task.o(.data)
    y_stop_flag                              0x20000cbe   Data           1  gyro_task.o(.data)
    yaw_set_arv                              0x20000cc0   Data           4  gyro_task.o(.data)
    start_task_handler                       0x20000cc4   Data           4  start_task.o(.data)
    load_task_handler                        0x20000cc8   Data           4  start_task.o(.data)
    user_init_handler                        0x20000ccc   Data           4  start_task.o(.data)
    Init_Flag                                0x20000cd0   Data           1  start_task.o(.data)
    htim1                                    0x20001d34   Data          76  tim.o(.bss)
    htim2                                    0x20001d80   Data          76  tim.o(.bss)
    htim3                                    0x20001dcc   Data          76  tim.o(.bss)
    htim4                                    0x20001e18   Data          76  tim.o(.bss)
    hdma_tim1_ch4_trig_com                   0x20001e64   Data          96  tim.o(.bss)
    huart4                                   0x20001ec4   Data         136  usart.o(.bss)
    huart5                                   0x20001f4c   Data         136  usart.o(.bss)
    huart7                                   0x20001fd4   Data         136  usart.o(.bss)
    huart8                                   0x2000205c   Data         136  usart.o(.bss)
    huart1                                   0x200020e4   Data         136  usart.o(.bss)
    huart2                                   0x2000216c   Data         136  usart.o(.bss)
    huart3                                   0x200021f4   Data         136  usart.o(.bss)
    huart6                                   0x2000227c   Data         136  usart.o(.bss)
    hdma_uart4_rx                            0x20002304   Data          96  usart.o(.bss)
    hdma_uart4_tx                            0x20002364   Data          96  usart.o(.bss)
    hdma_uart5_rx                            0x200023c4   Data          96  usart.o(.bss)
    hdma_usart2_rx                           0x20002424   Data          96  usart.o(.bss)
    hdma_usart2_tx                           0x20002484   Data          96  usart.o(.bss)
    hdma_usart3_tx                           0x200024e4   Data          96  usart.o(.bss)
    hdma_usart3_rx                           0x20002544   Data          96  usart.o(.bss)
    hdma_usart6_rx                           0x200025a4   Data          96  usart.o(.bss)
    imu_rx_buf                               0x200426f0   Data          22  imu.o(.bss)
    imu                                      0x20042708   Data          20  imu.o(.bss)
    openmv_rxbuff                            0x2004271c   Data          15  openmv_cmd.o(.bss)
    AngFerq                                  0x2004272c   Data          10  openmv_cmd.o(.bss)
    scoreid2                                 0x20042736   Data          12  load2.o(.bss)
    printfbuff                               0x20042742   Data         128  load2.o(.bss)
    servos                                   0x200427c2   Data          20  arm_cmd.o(.bss)
    Motor1_inf                               0x200427d8   Data          28  motor_command.o(.bss)
    Motor2_inf                               0x200427f4   Data          28  motor_command.o(.bss)
    Motor3_inf                               0x20042810   Data          28  motor_command.o(.bss)
    Motor4_inf                               0x2004282c   Data          28  motor_command.o(.bss)
    Cmd_Comfirm_rx_buf                       0x20042848   Data          10  motor_command.o(.bss)
    Cmd_Return_rx_buf                        0x20042852   Data          16  motor_command.o(.bss)
    cmd13                                    0x20042862   Data          13  motor_command.o(.bss)
    stpmotRxbuff                             0x2004286f   Data          21  stepmotor_cmd.o(.bss)
    X_Correct_Position_PID                   0x20042884   Data          24  pid.o(.bss)
    Y_Correct_Position_PID                   0x2004289c   Data          24  pid.o(.bss)
    Gyro_Correct_Position_PID                0x200428b4   Data          24  pid.o(.bss)
    Camera_Correct_Position_PID              0x200428cc   Data          24  pid.o(.bss)
    Camera_X_Correct_Position_PID            0x200428e4   Data          24  pid.o(.bss)
    Camera_Y_Correct_Position_PID            0x200428fc   Data          24  pid.o(.bss)
    X_Correct_Param_PID                      0x20042914   Data          12  pid.o(.bss)
    Y_Correct_Param_PID                      0x20042920   Data          12  pid.o(.bss)
    Gyro_Correct_Param_PID                   0x2004292c   Data          12  pid.o(.bss)
    Camera_Correct_Param_PID                 0x20042938   Data          12  pid.o(.bss)
    Camera_X_Correct_Param_PID               0x20042944   Data          12  pid.o(.bss)
    Camera_Y_Correct_Param_PID               0x20042950   Data          12  pid.o(.bss)
    __initial_sp                             0x20043960   Data           0  startup_stm32f750xx.o(STACK)



==============================================================================

Memory Map of the image

  Image Entry point : 0x080001c9

  Load Region LR_IROM1 (Base: 0x08000000, Size: 0x000097f0, Max: 0x00010000, ABSOLUTE, COMPRESSED[0x00008d38])

    Execution Region ER_IROM1 (Exec base: 0x08000000, Load base: 0x08000000, Size: 0x00008b1c, Max: 0x00010000, ABSOLUTE)

    Exec Addr    Load Addr    Size         Type   Attr      Idx    E Section Name        Object

    0x08000000   0x08000000   0x000001c8   Data   RO            3    RESET               startup_stm32f750xx.o
    0x080001c8   0x080001c8   0x00000000   Code   RO         7216  * .ARM.Collect$$$$00000000  mc_w.l(entry.o)
    0x080001c8   0x080001c8   0x00000004   Code   RO         7533    .ARM.Collect$$$$00000001  mc_w.l(entry2.o)
    0x080001cc   0x080001cc   0x00000004   Code   RO         7536    .ARM.Collect$$$$00000004  mc_w.l(entry5.o)
    0x080001d0   0x080001d0   0x00000000   Code   RO         7538    .ARM.Collect$$$$00000008  mc_w.l(entry7b.o)
    0x080001d0   0x080001d0   0x00000000   Code   RO         7540    .ARM.Collect$$$$0000000A  mc_w.l(entry8b.o)
    0x080001d0   0x080001d0   0x00000008   Code   RO         7541    .ARM.Collect$$$$0000000B  mc_w.l(entry9a.o)
    0x080001d8   0x080001d8   0x00000000   Code   RO         7543    .ARM.Collect$$$$0000000D  mc_w.l(entry10a.o)
    0x080001d8   0x080001d8   0x00000000   Code   RO         7545    .ARM.Collect$$$$0000000F  mc_w.l(entry11a.o)
    0x080001d8   0x080001d8   0x00000004   Code   RO         7534    .ARM.Collect$$$$00002712  mc_w.l(entry2.o)
    0x080001dc   0x080001dc   0x000000c2   Code   RO         5364    .emb_text           port.o
    0x0800029e   0x0800029e   0x00000002   PAD
    0x080002a0   0x080002a0   0x00000024   Code   RO            4    .text               startup_stm32f750xx.o
    0x080002c4   0x080002c4   0x00000062   Code   RO         7219    .text               mc_w.l(uldiv.o)
    0x08000326   0x08000326   0x00000024   Code   RO         7225    .text               mc_w.l(memseta.o)
    0x0800034a   0x0800034a   0x0000014e   Code   RO         7494    .text               mf_w.l(dadd.o)
    0x08000498   0x08000498   0x000000e4   Code   RO         7496    .text               mf_w.l(dmul.o)
    0x0800057c   0x0800057c   0x000000de   Code   RO         7498    .text               mf_w.l(ddiv.o)
    0x0800065a   0x0800065a   0x00000022   Code   RO         7500    .text               mf_w.l(dflti.o)
    0x0800067c   0x0800067c   0x0000003e   Code   RO         7502    .text               mf_w.l(dfixi.o)
    0x080006ba   0x080006ba   0x00000026   Code   RO         7506    .text               mf_w.l(f2d.o)
    0x080006e0   0x080006e0   0x00000030   Code   RO         7508    .text               mf_w.l(cdcmple.o)
    0x08000710   0x08000710   0x00000030   Code   RO         7510    .text               mf_w.l(cdrcmple.o)
    0x08000740   0x08000740   0x00000038   Code   RO         7512    .text               mf_w.l(d2f.o)
    0x08000778   0x08000778   0x0000001e   Code   RO         7550    .text               mc_w.l(llshl.o)
    0x08000796   0x08000796   0x00000020   Code   RO         7552    .text               mc_w.l(llushr.o)
    0x080007b6   0x080007b6   0x00000024   Code   RO         7554    .text               mc_w.l(llsshr.o)
    0x080007da   0x080007da   0x00000000   Code   RO         7563    .text               mc_w.l(iusefp.o)
    0x080007da   0x080007da   0x0000006e   Code   RO         7564    .text               mf_w.l(fepilogue.o)
    0x08000848   0x08000848   0x000000ba   Code   RO         7566    .text               mf_w.l(depilogue.o)
    0x08000902   0x08000902   0x00000002   PAD
    0x08000904   0x08000904   0x00000024   Code   RO         7576    .text               mc_w.l(init.o)
    0x08000928   0x08000928   0x00000056   Code   RO         7586    .text               mc_w.l(__dczerorl2.o)
    0x0800097e   0x0800097e   0x00000002   PAD
    0x08000980   0x08000980   0x00000024   Code   RO         6663    i.ALL_Main_Task     main_task.o
    0x080009a4   0x080009a4   0x0000004c   Code   RO         6229    i.ARM_UART_RxCpltCallback  arm_cmd.o
    0x080009f0   0x080009f0   0x000001a4   Code   RO         6664    i.BTrk09scor        main_task.o
    0x08000b94   0x08000b94   0x00000032   Code   RO         6665    i.Blue_Main_Task    main_task.o
    0x08000bc6   0x08000bc6   0x00000002   PAD
    0x08000bc8   0x08000bc8   0x0000006c   Code   RO         6666    i.Blue_colu2stack   main_task.o
    0x08000c34   0x08000c34   0x00000060   Code   RO         6667    i.Blue_go_home      main_task.o
    0x08000c94   0x08000c94   0x00000378   Code   RO         6668    i.Blue_stack        main_task.o
    0x0800100c   0x0800100c   0x00000004   Code   RO          582    i.BusFault_Handler  stm32f7xx_it.o
    0x08001010   0x08001010   0x00000154   Code   RO         6669    i.Circular          main_task.o
    0x08001164   0x08001164   0x0000001c   Code   RO         6413    i.Clr_Cmd_Return_rx_buf  motor_command.o
    0x08001180   0x08001180   0x00000010   Code   RO          583    i.DMA1_Stream0_IRQHandler  stm32f7xx_it.o
    0x08001190   0x08001190   0x00000010   Code   RO          584    i.DMA1_Stream1_IRQHandler  stm32f7xx_it.o
    0x080011a0   0x080011a0   0x00000010   Code   RO          585    i.DMA1_Stream2_IRQHandler  stm32f7xx_it.o
    0x080011b0   0x080011b0   0x00000010   Code   RO          586    i.DMA1_Stream3_IRQHandler  stm32f7xx_it.o
    0x080011c0   0x080011c0   0x00000010   Code   RO          587    i.DMA1_Stream4_IRQHandler  stm32f7xx_it.o
    0x080011d0   0x080011d0   0x00000010   Code   RO          588    i.DMA1_Stream5_IRQHandler  stm32f7xx_it.o
    0x080011e0   0x080011e0   0x00000010   Code   RO          589    i.DMA1_Stream6_IRQHandler  stm32f7xx_it.o
    0x080011f0   0x080011f0   0x00000010   Code   RO          590    i.DMA2_Stream1_IRQHandler  stm32f7xx_it.o
    0x08001200   0x08001200   0x00000010   Code   RO          591    i.DMA2_Stream4_IRQHandler  stm32f7xx_it.o
    0x08001210   0x08001210   0x00000034   Code   RO         1370    i.DMA_CalcBaseAndBitshift  stm32f7xx_hal_dma.o
    0x08001244   0x08001244   0x000000aa   Code   RO         1371    i.DMA_CheckFifoParam  stm32f7xx_hal_dma.o
    0x080012ee   0x080012ee   0x0000002c   Code   RO         1372    i.DMA_SetConfig     stm32f7xx_hal_dma.o
    0x0800131a   0x0800131a   0x00000002   Code   RO          592    i.DebugMon_Handler  stm32f7xx_it.o
    0x0800131c   0x0800131c   0x000000f4   Code   RO         6670    i.Disc2Stairs       main_task.o
    0x08001410   0x08001410   0x000000ae   Code   RO         6671    i.Disc_catch        main_task.o
    0x080014be   0x080014be   0x00000006   Code   RO           13    i.Error_Handler     main.o
    0x080014c4   0x080014c4   0x00000188   Code   RO         6672    i.Fast_Mapping_Run  main_task.o
    0x0800164c   0x0800164c   0x000000a4   Code   RO         6414    i.Get_Motor_Rotted_Angle_Fun  motor_command.o
    0x080016f0   0x080016f0   0x000000ac   Code   RO         1373    i.HAL_DMA_Abort     stm32f7xx_hal_dma.o
    0x0800179c   0x0800179c   0x00000028   Code   RO         1374    i.HAL_DMA_Abort_IT  stm32f7xx_hal_dma.o
    0x080017c4   0x080017c4   0x00000006   Code   RO         1376    i.HAL_DMA_GetError  stm32f7xx_hal_dma.o
    0x080017ca   0x080017ca   0x00000002   PAD
    0x080017cc   0x080017cc   0x00000240   Code   RO         1378    i.HAL_DMA_IRQHandler  stm32f7xx_hal_dma.o
    0x08001a0c   0x08001a0c   0x000000f0   Code   RO         1379    i.HAL_DMA_Init      stm32f7xx_hal_dma.o
    0x08001afc   0x08001afc   0x0000009e   Code   RO         1383    i.HAL_DMA_Start_IT  stm32f7xx_hal_dma.o
    0x08001b9a   0x08001b9a   0x00000002   PAD
    0x08001b9c   0x08001b9c   0x0000020c   Code   RO         1307    i.HAL_GPIO_Init     stm32f7xx_hal_gpio.o
    0x08001da8   0x08001da8   0x00000010   Code   RO         1309    i.HAL_GPIO_ReadPin  stm32f7xx_hal_gpio.o
    0x08001db8   0x08001db8   0x0000000c   Code   RO         1748    i.HAL_GetTick       stm32f7xx_hal.o
    0x08001dc4   0x08001dc4   0x00000018   Code   RO         1754    i.HAL_IncTick       stm32f7xx_hal.o
    0x08001ddc   0x08001ddc   0x00000016   Code   RO         1755    i.HAL_Init          stm32f7xx_hal.o
    0x08001df2   0x08001df2   0x00000002   PAD
    0x08001df4   0x08001df4   0x0000004c   Code   RO         1756    i.HAL_InitTick      stm32f7xx_hal.o
    0x08001e40   0x08001e40   0x0000005c   Code   RO          763    i.HAL_MPU_ConfigRegion  stm32f7xx_hal_cortex.o
    0x08001e9c   0x08001e9c   0x0000002c   Code   RO          764    i.HAL_MPU_Disable   stm32f7xx_hal_cortex.o
    0x08001ec8   0x08001ec8   0x00000040   Code   RO          766    i.HAL_MPU_Enable    stm32f7xx_hal_cortex.o
    0x08001f08   0x08001f08   0x0000004c   Code   RO          739    i.HAL_MspInit       stm32f7xx_hal_msp.o
    0x08001f54   0x08001f54   0x00000020   Code   RO          770    i.HAL_NVIC_EnableIRQ  stm32f7xx_hal_cortex.o
    0x08001f74   0x08001f74   0x0000007c   Code   RO          776    i.HAL_NVIC_SetPriority  stm32f7xx_hal_cortex.o
    0x08001ff0   0x08001ff0   0x00000028   Code   RO          777    i.HAL_NVIC_SetPriorityGrouping  stm32f7xx_hal_cortex.o
    0x08002018   0x08002018   0x00000090   Code   RO         1647    i.HAL_PWREx_EnableOverDrive  stm32f7xx_hal_pwr_ex.o
    0x080020a8   0x080020a8   0x000006e4   Code   RO         1023    i.HAL_RCCEx_PeriphCLKConfig  stm32f7xx_hal_rcc_ex.o
    0x0800278c   0x0800278c   0x00000194   Code   RO          916    i.HAL_RCC_ClockConfig  stm32f7xx_hal_rcc.o
    0x08002920   0x08002920   0x0000000c   Code   RO          921    i.HAL_RCC_GetHCLKFreq  stm32f7xx_hal_rcc.o
    0x0800292c   0x0800292c   0x00000020   Code   RO          923    i.HAL_RCC_GetPCLK1Freq  stm32f7xx_hal_rcc.o
    0x0800294c   0x0800294c   0x00000020   Code   RO          924    i.HAL_RCC_GetPCLK2Freq  stm32f7xx_hal_rcc.o
    0x0800296c   0x0800296c   0x000000b0   Code   RO          925    i.HAL_RCC_GetSysClockFreq  stm32f7xx_hal_rcc.o
    0x08002a1c   0x08002a1c   0x00000504   Code   RO          928    i.HAL_RCC_OscConfig  stm32f7xx_hal_rcc.o
    0x08002f20   0x08002f20   0x00000034   Code   RO          781    i.HAL_SYSTICK_Config  stm32f7xx_hal_cortex.o
    0x08002f54   0x08002f54   0x000000cc   Code   RO         3265    i.HAL_TIMEx_MasterConfigSynchronization  stm32f7xx_hal_tim_ex.o
    0x08003020   0x08003020   0x0000006e   Code   RO         2519    i.HAL_TIM_Base_Init  stm32f7xx_hal_tim.o
    0x0800308e   0x0800308e   0x00000002   PAD
    0x08003090   0x08003090   0x00000110   Code   RO          426    i.HAL_TIM_Base_MspInit  tim.o
    0x080031a0   0x080031a0   0x000000b4   Code   RO         2524    i.HAL_TIM_Base_Start_IT  stm32f7xx_hal_tim.o
    0x08003254   0x08003254   0x00000110   Code   RO         2528    i.HAL_TIM_ConfigClockSource  stm32f7xx_hal_tim.o
    0x08003364   0x08003364   0x00000002   Code   RO         3532    i.HAL_UARTEx_RxEventCallback  stm32f7xx_hal_uart.o
    0x08003366   0x08003366   0x000000b6   Code   RO         3544    i.HAL_UART_DMAStop  stm32f7xx_hal_uart.o
    0x0800341c   0x0800341c   0x00000002   Code   RO         3548    i.HAL_UART_ErrorCallback  stm32f7xx_hal_uart.o
    0x0800341e   0x0800341e   0x00000002   PAD
    0x08003420   0x08003420   0x00000334   Code   RO         3551    i.HAL_UART_IRQHandler  stm32f7xx_hal_uart.o
    0x08003754   0x08003754   0x00000074   Code   RO         3552    i.HAL_UART_Init     stm32f7xx_hal_uart.o
    0x080037c8   0x080037c8   0x000006f0   Code   RO          487    i.HAL_UART_MspInit  usart.o
    0x08003eb8   0x08003eb8   0x00000050   Code   RO         3556    i.HAL_UART_Receive_DMA  stm32f7xx_hal_uart.o
    0x08003f08   0x08003f08   0x00000050   Code   RO         3557    i.HAL_UART_Receive_IT  stm32f7xx_hal_uart.o
    0x08003f58   0x08003f58   0x00000094   Code   RO         6167    i.HAL_UART_RxCpltCallback  serial.o
    0x08003fec   0x08003fec   0x00000002   Code   RO         3560    i.HAL_UART_RxHalfCpltCallback  stm32f7xx_hal_uart.o
    0x08003fee   0x08003fee   0x000000ba   Code   RO         3561    i.HAL_UART_Transmit  stm32f7xx_hal_uart.o
    0x080040a8   0x080040a8   0x00000002   Code   RO         3564    i.HAL_UART_TxCpltCallback  stm32f7xx_hal_uart.o
    0x080040aa   0x080040aa   0x00000004   Code   RO          593    i.HardFault_Handler  stm32f7xx_it.o
    0x080040ae   0x080040ae   0x0000001a   Code   RO         6673    i.IsReady           main_task.o
    0x080040c8   0x080040c8   0x00000056   Code   RO           14    i.MPU_Config        main.o
    0x0800411e   0x0800411e   0x00000002   PAD
    0x08004120   0x08004120   0x00000030   Code   RO         5910    i.MV_UART_IDLECallback  openmv_cmd.o
    0x08004150   0x08004150   0x00000030   Code   RO         5911    i.MV_UART_IDLE_IRQHandler  openmv_cmd.o
    0x08004180   0x08004180   0x000000d0   Code   RO          401    i.MX_DMA_Init       dma.o
    0x08004250   0x08004250   0x00000100   Code   RO          309    i.MX_GPIO_Init      gpio.o
    0x08004350   0x08004350   0x00000074   Code   RO          427    i.MX_TIM1_Init      tim.o
    0x080043c4   0x080043c4   0x0000006c   Code   RO          428    i.MX_TIM2_Init      tim.o
    0x08004430   0x08004430   0x00000070   Code   RO          429    i.MX_TIM3_Init      tim.o
    0x080044a0   0x080044a0   0x00000070   Code   RO          430    i.MX_TIM4_Init      tim.o
    0x08004510   0x08004510   0x00000040   Code   RO          488    i.MX_UART4_Init     usart.o
    0x08004550   0x08004550   0x00000040   Code   RO          489    i.MX_UART5_Init     usart.o
    0x08004590   0x08004590   0x00000040   Code   RO          490    i.MX_UART7_Init     usart.o
    0x080045d0   0x080045d0   0x00000040   Code   RO          491    i.MX_UART8_Init     usart.o
    0x08004610   0x08004610   0x00000040   Code   RO          492    i.MX_USART1_UART_Init  usart.o
    0x08004650   0x08004650   0x00000040   Code   RO          493    i.MX_USART2_UART_Init  usart.o
    0x08004690   0x08004690   0x00000040   Code   RO          494    i.MX_USART3_UART_Init  usart.o
    0x080046d0   0x080046d0   0x00000044   Code   RO          495    i.MX_USART6_UART_Init  usart.o
    0x08004714   0x08004714   0x00000134   Code   RO         6416    i.Mecanum_Wheel_Solve  motor_command.o
    0x08004848   0x08004848   0x00000004   Code   RO          594    i.MemManage_Handler  stm32f7xx_it.o
    0x0800484c   0x0800484c   0x00000060   Code   RO         6417    i.Motor_Run         motor_command.o
    0x080048ac   0x080048ac   0x00000074   Code   RO         6418    i.Motor_Speed_Control  motor_command.o
    0x08004920   0x08004920   0x000001d4   Code   RO         6313    i.Motor_mecanum_wheel_pid_rot_run  motor_run.o
    0x08004af4   0x08004af4   0x000000a8   Code   RO         6314    i.Motor_mecanum_wheel_pid_straight_run  motor_run.o
    0x08004b9c   0x08004b9c   0x000001e4   Code   RO         6315    i.Motor_mecanum_wheel_pid_straight_run_smooth  motor_run.o
    0x08004d80   0x08004d80   0x000000a8   Code   RO         6316    i.Motor_mecanum_wheel_pid_translate_run  motor_run.o
    0x08004e28   0x08004e28   0x000001a8   Code   RO         6317    i.Motor_mecanum_wheel_speed_run  motor_run.o
    0x08004fd0   0x08004fd0   0x00000010   Code   RO         6674    i.Motor_stop        main_task.o
    0x08004fe0   0x08004fe0   0x00000004   Code   RO          595    i.NMI_Handler       stm32f7xx_it.o
    0x08004fe4   0x08004fe4   0x00000070   Code   RO         6622    i.PID_Init          pid.o
    0x08005054   0x08005054   0x00000218   Code   RO         6675    i.Pillar_catch      main_task.o
    0x0800526c   0x0800526c   0x000000c0   Code   RO         6623    i.Position_PID      pid.o
    0x0800532c   0x0800532c   0x0000003c   Code   RO         5995    i.QR_UART_RxCpltCallback  qrcode.o
    0x08005368   0x08005368   0x00000030   Code   RO         5856    i.RFID_UART_RxCpltCallback  rfid.o
    0x08005398   0x08005398   0x000000f4   Code   RO         6676    i.R_Disc2Stairs     main_task.o
    0x0800548c   0x0800548c   0x00000048   Code   RO         6677    i.R_find_Disc       main_task.o
    0x080054d4   0x080054d4   0x00000032   Code   RO         6678    i.Red_Main_Task     main_task.o
    0x08005506   0x08005506   0x00000002   PAD
    0x08005508   0x08005508   0x00000044   Code   RO         6679    i.Red_go_home       main_task.o
    0x0800554c   0x0800554c   0x00000048   Code   RO         6541    i.STPMOT_UART_IDLECallback  stepmotor_cmd.o
    0x08005594   0x08005594   0x00000024   Code   RO         6542    i.STPMOT_UART_IDLE_IRQHandler  stepmotor_cmd.o
    0x080055b8   0x080055b8   0x00000060   Code   RO         6420    i.Set_Motors_Zero   motor_command.o
    0x08005618   0x08005618   0x00000294   Code   RO         6680    i.Stair_catch       main_task.o
    0x080058ac   0x080058ac   0x00000084   Code   RO         6681    i.Stairs2Circular   main_task.o
    0x08005930   0x08005930   0x0000000e   Code   RO         6319    i.Stepping_Motor_Param_change  motor_run.o
    0x0800593e   0x0800593e   0x00000014   Code   RO          596    i.SysTick_Handler   stm32f7xx_it.o
    0x08005952   0x08005952   0x00000002   PAD
    0x08005954   0x08005954   0x000000b8   Code   RO           15    i.SystemClock_Config  main.o
    0x08005a0c   0x08005a0c   0x00000014   Code   RO         3975    i.SystemInit        system_stm32f7xx.o
    0x08005a20   0x08005a20   0x000000e8   Code   RO         2612    i.TIM_Base_SetConfig  stm32f7xx_hal_tim.o
    0x08005b08   0x08005b08   0x00000016   Code   RO         2623    i.TIM_ETR_SetConfig  stm32f7xx_hal_tim.o
    0x08005b1e   0x08005b1e   0x00000012   Code   RO         2624    i.TIM_ITRx_SetConfig  stm32f7xx_hal_tim.o
    0x08005b30   0x08005b30   0x00000026   Code   RO         2632    i.TIM_TI1_ConfigInputStage  stm32f7xx_hal_tim.o
    0x08005b56   0x08005b56   0x00000028   Code   RO         2634    i.TIM_TI2_ConfigInputStage  stm32f7xx_hal_tim.o
    0x08005b7e   0x08005b7e   0x00000002   PAD
    0x08005b80   0x08005b80   0x00000010   Code   RO          597    i.UART4_IRQHandler  stm32f7xx_it.o
    0x08005b90   0x08005b90   0x00000014   Code   RO          598    i.UART5_IRQHandler  stm32f7xx_it.o
    0x08005ba4   0x08005ba4   0x00000010   Code   RO          599    i.UART7_IRQHandler  stm32f7xx_it.o
    0x08005bb4   0x08005bb4   0x00000010   Code   RO          600    i.UART8_IRQHandler  stm32f7xx_it.o
    0x08005bc4   0x08005bc4   0x000000f8   Code   RO         3566    i.UART_AdvFeatureConfig  stm32f7xx_hal_uart.o
    0x08005cbc   0x08005cbc   0x00000078   Code   RO         3567    i.UART_CheckIdleState  stm32f7xx_hal_uart.o
    0x08005d34   0x08005d34   0x00000018   Code   RO         3568    i.UART_DMAAbortOnError  stm32f7xx_hal_uart.o
    0x08005d4c   0x08005d4c   0x0000005c   Code   RO         3569    i.UART_DMAError     stm32f7xx_hal_uart.o
    0x08005da8   0x08005da8   0x000000ae   Code   RO         3570    i.UART_DMAReceiveCplt  stm32f7xx_hal_uart.o
    0x08005e56   0x08005e56   0x00000026   Code   RO         3572    i.UART_DMARxHalfCplt  stm32f7xx_hal_uart.o
    0x08005e7c   0x08005e7c   0x00000066   Code   RO         3578    i.UART_EndRxTransfer  stm32f7xx_hal_uart.o
    0x08005ee2   0x08005ee2   0x0000002e   Code   RO         3579    i.UART_EndTransmit_IT  stm32f7xx_hal_uart.o
    0x08005f10   0x08005f10   0x00000020   Code   RO         3580    i.UART_EndTxTransfer  stm32f7xx_hal_uart.o
    0x08005f30   0x08005f30   0x000000f8   Code   RO         3581    i.UART_RxISR_16BIT  stm32f7xx_hal_uart.o
    0x08006028   0x08006028   0x000000f4   Code   RO         3582    i.UART_RxISR_8BIT   stm32f7xx_hal_uart.o
    0x0800611c   0x0800611c   0x0000033c   Code   RO         3583    i.UART_SetConfig    stm32f7xx_hal_uart.o
    0x08006458   0x08006458   0x000000c0   Code   RO         3584    i.UART_Start_Receive_DMA  stm32f7xx_hal_uart.o
    0x08006518   0x08006518   0x000000f4   Code   RO         3585    i.UART_Start_Receive_IT  stm32f7xx_hal_uart.o
    0x0800660c   0x0800660c   0x000000ac   Code   RO         3588    i.UART_WaitOnFlagUntilTimeout  stm32f7xx_hal_uart.o
    0x080066b8   0x080066b8   0x00000010   Code   RO          601    i.USART1_IRQHandler  stm32f7xx_it.o
    0x080066c8   0x080066c8   0x000001e0   Code   RO         5756    i.USART2_IRQHandler  imu.o
    0x080068a8   0x080068a8   0x00000124   Code   RO         6421    i.USART3_IRQHandler  motor_command.o
    0x080069cc   0x080069cc   0x00000014   Code   RO          602    i.USART6_IRQHandler  stm32f7xx_it.o
    0x080069e0   0x080069e0   0x00000004   Code   RO          603    i.UsageFault_Handler  stm32f7xx_it.o
    0x080069e4   0x080069e4   0x00000010   Code   RO          783    i.__NVIC_GetPriorityGrouping  stm32f7xx_hal_cortex.o
    0x080069f4   0x080069f4   0x00000028   Code   RO          784    i.__NVIC_SetPriority  stm32f7xx_hal_cortex.o
    0x08006a1c   0x08006a1c   0x0000000e   Code   RO         7580    i.__scatterload_copy  mc_w.l(handlers.o)
    0x08006a2a   0x08006a2a   0x00000002   Code   RO         7581    i.__scatterload_null  mc_w.l(handlers.o)
    0x08006a2c   0x08006a2c   0x0000000e   Code   RO         7582    i.__scatterload_zeroinit  mc_w.l(handlers.o)
    0x08006a3a   0x08006a3a   0x00000002   PAD
    0x08006a3c   0x08006a3c   0x000000e4   Code   RO         6230    i.arm_action_group_run  arm_cmd.o
    0x08006b20   0x08006b20   0x0000002c   Code   RO         6232    i.arm_init          arm_cmd.o
    0x08006b4c   0x08006b4c   0x0000001c   Code   RO         6233    i.arm_isrespond     arm_cmd.o
    0x08006b68   0x08006b68   0x000000e2   Code   RO         6682    i.ball_step_putback  main_task.o
    0x08006c4a   0x08006c4a   0x00000002   PAD
    0x08006c4c   0x08006c4c   0x00000068   Code   RO         6683    i.bar_edge          main_task.o
    0x08006cb4   0x08006cb4   0x0000008a   Code   RO         6684    i.clab_bar_quad     main_task.o
    0x08006d3e   0x08006d3e   0x00000002   PAD
    0x08006d40   0x08006d40   0x00000040   Code   RO         6235    i.cmd_action_group_run  arm_cmd.o
    0x08006d80   0x08006d80   0x00000040   Code   RO         6236    i.cmd_action_group_speed  arm_cmd.o
    0x08006dc0   0x08006dc0   0x00000002   Code   RO          335    i.configureTimerForRunTimeStats  freertos.o
    0x08006dc2   0x08006dc2   0x00000002   PAD
    0x08006dc4   0x08006dc4   0x00000010   Code   RO         5678    i.delay_init        delay.o
    0x08006dd4   0x08006dd4   0x00000048   Code   RO         6685    i.find_Disc         main_task.o
    0x08006e1c   0x08006e1c   0x000000d0   Code   RO         6686    i.find_bar_quad     main_task.o
    0x08006eec   0x08006eec   0x00000086   Code   RO         6687    i.find_colu         main_task.o
    0x08006f72   0x08006f72   0x00000004   Code   RO          336    i.getRunTimeCounterValue  freertos.o
    0x08006f76   0x08006f76   0x00000002   PAD
    0x08006f78   0x08006f78   0x00000060   Code   RO         5757    i.gyro_init         imu.o
    0x08006fd8   0x08006fd8   0x00000058   Code   RO         5758    i.gyro_set_0        imu.o
    0x08007030   0x08007030   0x00000044   Code   RO         5759    i.gyro_set_plus_90  imu.o
    0x08007074   0x08007074   0x00000048   Code   RO         5760    i.gyro_set_reduce_90  imu.o
    0x080070bc   0x080070bc   0x00000024   Code   RO         6859    i.gyro_task         gyro_task.o
    0x080070e0   0x080070e0   0x0000002c   Code   RO         6860    i.gyro_task_create  gyro_task.o
    0x0800710c   0x0800710c   0x00000014   Code   RO         6046    i.load2_check_flag  load2.o
    0x08007120   0x08007120   0x0000000c   Code   RO         6047    i.load2_enable_flag  load2.o
    0x0800712c   0x0800712c   0x0000001e   Code   RO         6048    i.load2_find_zero   load2.o
    0x0800714a   0x0800714a   0x00000008   Code   RO         6049    i.load2_init        load2.o
    0x08007152   0x08007152   0x0000001c   Code   RO         6051    i.load2_last_nflag  load2.o
    0x0800716e   0x0800716e   0x00000002   PAD
    0x08007170   0x08007170   0x0000008c   Code   RO         6052    i.load2_main        load2.o
    0x080071fc   0x080071fc   0x00000018   Code   RO         6053    i.load2_next_flag   load2.o
    0x08007214   0x08007214   0x0000001c   Code   RO         6054    i.load2_next_nflag  load2.o
    0x08007230   0x08007230   0x00000060   Code   RO         6056    i.load2_scores_in   load2.o
    0x08007290   0x08007290   0x00000050   Code   RO         6057    i.load2_scores_out  load2.o
    0x080072e0   0x080072e0   0x00000014   Code   RO         6058    i.load2_scores_outid  load2.o
    0x080072f4   0x080072f4   0x0000008c   Code   RO         6059    i.load2_to_place    load2.o
    0x08007380   0x08007380   0x0000000e   Code   RO         6920    i.load_task         start_task.o
    0x0800738e   0x0800738e   0x00000002   PAD
    0x08007390   0x08007390   0x00000030   Code   RO         6921    i.load_task_create  start_task.o
    0x080073c0   0x080073c0   0x00000050   Code   RO           16    i.main              main.o
    0x08007410   0x08007410   0x00000038   Code   RO         6688    i.main_task         main_task.o
    0x08007448   0x08007448   0x00000030   Code   RO         6689    i.main_task_create  main_task.o
    0x08007478   0x08007478   0x00000028   Code   RO         6422    i.motor_usart_init  motor_command.o
    0x080074a0   0x080074a0   0x0000004c   Code   RO         6423    i.motor_usart_start_receive  motor_command.o
    0x080074ec   0x080074ec   0x00000024   Code   RO         5761    i.mpuZreset         imu.o
    0x08007510   0x08007510   0x00000084   Code   RO         5912    i.mv_unpacked       openmv_cmd.o
    0x08007594   0x08007594   0x00000050   Code   RO         5762    i.need2turn         imu.o
    0x080075e4   0x080075e4   0x00000108   Code   RO         5913    i.openmv_cmd        openmv_cmd.o
    0x080076ec   0x080076ec   0x00000020   Code   RO         5917    i.openmv_getrxmsg   openmv_cmd.o
    0x0800770c   0x0800770c   0x00000018   Code   RO         5918    i.openmv_getrxsta   openmv_cmd.o
    0x08007724   0x08007724   0x00000028   Code   RO         5919    i.openmv_init       openmv_cmd.o
    0x0800774c   0x0800774c   0x0000000a   Code   RO         4929    i.osKernelStart     cmsis_os.o
    0x08007756   0x08007756   0x00000002   PAD
    0x08007758   0x08007758   0x000000a4   Code   RO         4535    i.prvAddCurrentTaskToDelayedList  tasks.o
    0x080077fc   0x080077fc   0x000000b8   Code   RO         4536    i.prvAddNewTaskToReadyList  tasks.o
    0x080078b4   0x080078b4   0x00000048   Code   RO         4537    i.prvCheckTasksWaitingTermination  tasks.o
    0x080078fc   0x080078fc   0x00000054   Code   RO         4538    i.prvDeleteTCB      tasks.o
    0x08007950   0x08007950   0x0000007c   Code   RO         5303    i.prvHeapInit       heap_4.o
    0x080079cc   0x080079cc   0x0000002c   Code   RO         4539    i.prvIdleTask       tasks.o
    0x080079f8   0x080079f8   0x000000c8   Code   RO         4540    i.prvInitialiseNewTask  tasks.o
    0x08007ac0   0x08007ac0   0x00000068   Code   RO         4541    i.prvInitialiseTaskLists  tasks.o
    0x08007b28   0x08007b28   0x00000068   Code   RO         5304    i.prvInsertBlockIntoFreeList  heap_4.o
    0x08007b90   0x08007b90   0x00000034   Code   RO         4543    i.prvResetNextTaskUnblockTime  tasks.o
    0x08007bc4   0x08007bc4   0x00000048   Code   RO         5365    i.prvTaskExitError  port.o
    0x08007c0c   0x08007c0c   0x00000148   Code   RO         5305    i.pvPortMalloc      heap_4.o
    0x08007d54   0x08007d54   0x0000002c   Code   RO         5366    i.pxPortInitialiseStack  port.o
    0x08007d80   0x08007d80   0x0000000c   Code   RO         5996    i.qrcode_getRxbuff  qrcode.o
    0x08007d8c   0x08007d8c   0x00000018   Code   RO         5999    i.qrcode_init       qrcode.o
    0x08007da4   0x08007da4   0x00000110   Code   RO         5829    i.read_iosensor     sensor.o
    0x08007eb4   0x08007eb4   0x0000000c   Code   RO         5857    i.rfid_getid        rfid.o
    0x08007ec0   0x08007ec0   0x00000018   Code   RO         5858    i.rfid_getsta       rfid.o
    0x08007ed8   0x08007ed8   0x00000018   Code   RO         5859    i.rfid_init         rfid.o
    0x08007ef0   0x08007ef0   0x00000020   Code   RO         6923    i.start_task        start_task.o
    0x08007f10   0x08007f10   0x00000030   Code   RO         6924    i.start_task_create  start_task.o
    0x08007f40   0x08007f40   0x00000044   Code   RO         6544    i.stpmot_find_zero  stepmotor_cmd.o
    0x08007f84   0x08007f84   0x00000028   Code   RO         6546    i.stpmot_init       stepmotor_cmd.o
    0x08007fac   0x08007fac   0x0000003c   Code   RO         6547    i.stpmot_stop_find_zero  stepmotor_cmd.o
    0x08007fe8   0x08007fe8   0x00000078   Code   RO         6548    i.stpmot_to_degree  stepmotor_cmd.o
    0x08008060   0x08008060   0x00000014   Code   RO         6549    i.stpmot_work_sta   stepmotor_cmd.o
    0x08008074   0x08008074   0x00000044   Code   RO         6925    i.user_init         start_task.o
    0x080080b8   0x080080b8   0x00000030   Code   RO         6926    i.user_init_create  start_task.o
    0x080080e8   0x080080e8   0x00000028   Code   RO         4124    i.uxListRemove      list.o
    0x08008110   0x08008110   0x00000018   Code   RO          337    i.vApplicationGetIdleTaskMemory  freertos.o
    0x08008128   0x08008128   0x00000002   Code   RO          338    i.vApplicationIdleHook  freertos.o
    0x0800812a   0x0800812a   0x0000001a   Code   RO         4125    i.vListInitialise   list.o
    0x08008144   0x08008144   0x00000006   Code   RO         4126    i.vListInitialiseItem  list.o
    0x0800814a   0x0800814a   0x00000034   Code   RO         4127    i.vListInsert       list.o
    0x0800817e   0x0800817e   0x00000018   Code   RO         4128    i.vListInsertEnd    list.o
    0x08008196   0x08008196   0x00000002   PAD
    0x08008198   0x08008198   0x0000005c   Code   RO         5368    i.vPortEnterCritical  port.o
    0x080081f4   0x080081f4   0x00000040   Code   RO         5369    i.vPortExitCritical  port.o
    0x08008234   0x08008234   0x0000009c   Code   RO         5306    i.vPortFree         heap_4.o
    0x080082d0   0x080082d0   0x00000028   Code   RO         5370    i.vPortSetupTimerInterrupt  port.o
    0x080082f8   0x080082f8   0x00000060   Code   RO         4555    i.vTaskDelay        tasks.o
    0x08008358   0x08008358   0x000000f8   Code   RO         4557    i.vTaskDelete       tasks.o
    0x08008450   0x08008450   0x000000bc   Code   RO         4573    i.vTaskStartScheduler  tasks.o
    0x0800850c   0x0800850c   0x00000010   Code   RO         4575    i.vTaskSuspendAll   tasks.o
    0x0800851c   0x0800851c   0x000000cc   Code   RO         4576    i.vTaskSwitchContext  tasks.o
    0x080085e8   0x080085e8   0x00000114   Code   RO         5372    i.xPortStartScheduler  port.o
    0x080086fc   0x080086fc   0x00000038   Code   RO         5373    i.xPortSysTickHandler  port.o
    0x08008734   0x08008734   0x00000064   Code   RO         4579    i.xTaskCreate       tasks.o
    0x08008798   0x08008798   0x000000c6   Code   RO         4580    i.xTaskCreateStatic  tasks.o
    0x0800885e   0x0800885e   0x00000002   PAD
    0x08008860   0x08008860   0x00000020   Code   RO         4584    i.xTaskGetSchedulerState  tasks.o
    0x08008880   0x08008880   0x0000014c   Code   RO         4587    i.xTaskIncrementTick  tasks.o
    0x080089cc   0x080089cc   0x00000108   Code   RO         4593    i.xTaskResumeAll    tasks.o
    0x08008ad4   0x08008ad4   0x00000008   Data   RO         1385    .constdata          stm32f7xx_hal_dma.o
    0x08008adc   0x08008adc   0x00000018   Data   RO         3976    .constdata          system_stm32f7xx.o
    0x08008af4   0x08008af4   0x00000005   Data   RO         5764    .constdata          imu.o
    0x08008af9   0x08008af9   0x00000003   PAD
    0x08008afc   0x08008afc   0x00000020   Data   RO         7578    Region$$Table       anon$$obj.o


    Execution Region RW_IRAM1 (Exec base: 0x20000000, Load base: 0x08008b1c, Size: 0x00043960, Max: 0x00050000, ABSOLUTE, COMPRESSED[0x0000021c])

    Exec Addr    Load Addr    Size         Type   Attr      Idx    E Section Name        Object

    0x20000000   COMPRESSED   0x00000009   Data   RW         1762    .data               stm32f7xx_hal.o
    0x20000009   COMPRESSED   0x00000003   PAD
    0x2000000c   COMPRESSED   0x00000004   Data   RW         3977    .data               system_stm32f7xx.o
    0x20000010   COMPRESSED   0x00000044   Data   RW         4596    .data               tasks.o
    0x20000054   COMPRESSED   0x00000018   Data   RW         5311    .data               heap_4.o
    0x2000006c   COMPRESSED   0x0000000c   Data   RW         5374    .data               port.o
    0x20000078   COMPRESSED   0x00000006   Data   RW         5628    .data               buzzer.o
    0x2000007e   COMPRESSED   0x00000001   Data   RW         5765    .data               imu.o
    0x2000007f   COMPRESSED   0x00000004   Data   RW         5860    .data               rfid.o
    0x20000083   COMPRESSED   0x00000005   Data   RW         5921    .data               openmv_cmd.o
    0x20000088   COMPRESSED   0x00000005   Data   RW         6000    .data               qrcode.o
    0x2000008d   COMPRESSED   0x00000001   PAD
    0x2000008e   COMPRESSED   0x00000017   Data   RW         6063    .data               load2.o
    0x200000a5   COMPRESSED   0x00000001   PAD
    0x200000a6   COMPRESSED   0x00000086   Data   RW         6239    .data               arm_cmd.o
    0x2000012c   COMPRESSED   0x0000001e   Data   RW         6320    .data               motor_run.o
    0x2000014a   COMPRESSED   0x00000002   PAD
    0x2000014c   COMPRESSED   0x0000005d   Data   RW         6425    .data               motor_command.o
    0x200001a9   COMPRESSED   0x00000004   Data   RW         6552    .data               stepmotor_cmd.o
    0x200001ad   COMPRESSED   0x00000003   PAD
    0x200001b0   COMPRESSED   0x00000b00   Data   RW         6691    .data               main_task.o
    0x20000cb0   COMPRESSED   0x00000014   Data   RW         6865    .data               gyro_task.o
    0x20000cc4   COMPRESSED   0x0000000d   Data   RW         6927    .data               start_task.o
    0x20000cd1   COMPRESSED   0x00000003   PAD
    0x20000cd4        -       0x00001060   Zero   RW          339    .bss                freertos.o
    0x20001d34        -       0x00000190   Zero   RW          431    .bss                tim.o
    0x20001ec4        -       0x00000740   Zero   RW          498    .bss                usart.o
    0x20002604        -       0x000000f0   Zero   RW         4595    .bss                tasks.o
    0x200026f4        -       0x0003fffc   Zero   RW         5310    .bss                heap_4.o
    0x200426f0        -       0x0000002c   Zero   RW         5763    .bss                imu.o
    0x2004271c        -       0x0000001a   Zero   RW         5920    .bss                openmv_cmd.o
    0x20042736        -       0x0000008c   Zero   RW         6062    .bss                load2.o
    0x200427c2        -       0x00000014   Zero   RW         6238    .bss                arm_cmd.o
    0x200427d6   COMPRESSED   0x00000002   PAD
    0x200427d8        -       0x00000097   Zero   RW         6424    .bss                motor_command.o
    0x2004286f        -       0x00000015   Zero   RW         6550    .bss                stepmotor_cmd.o
    0x20042884        -       0x000000d8   Zero   RW         6624    .bss                pid.o
    0x2004295c   COMPRESSED   0x00000004   PAD
    0x20042960        -       0x00001000   Zero   RW            1    STACK               startup_stm32f750xx.o


==============================================================================

Image component sizes


      Code (inc. data)   RO Data    RW Data    ZI Data      Debug   Object Name

       504         78          0        134         20       5507   arm_cmd.o
         0          0          0          6          0        369   buzzer.o
        10          0          0          0          0      20932   cmsis_os.o
        16          6          0          0          0        501   delay.o
       208          6          0          0          0        902   dma.o
         0          0          0          0          0      15728   event_groups.o
        32          8          0          0       4192       3032   freertos.o
       256         16          0          0          0       1099   gpio.o
        80         30          0         20          0       1599   gyro_task.o
       712         64          0         24     262140       7507   heap_4.o
       920        128          5          1         44       5726   imu.o
       148          0          0          0          0       3682   list.o
       626         64          0         23        140       8198   load2.o
       356         10          0          0          0     881408   main.o
      5538        218          0       2816          0      19580   main_task.o
      1216        164          0         93        151       8940   motor_command.o
      1726        170          0         30          0       8767   motor_run.o
       588         84          0          5         26       6149   openmv_cmd.o
       304         46          0          0        216       3138   pid.o
       838         72          0         12          0      11216   port.o
        96         34          0          5          0       2241   qrcode.o
       108         38          0          4          0       2814   rfid.o
       272         42          0          0          0       2196   sensor.o
       148         28          0          0          0       1246   serial.o
       258         76          0         13          0       3606   start_task.o
        36          8        456          0       4096        856   startup_stm32f750xx.o
       416         56          0          4         21       5184   stepmotor_cmd.o
       134         26          0          9          0       8537   stm32f7xx_hal.o
       504         40          0          0          0      41777   stm32f7xx_hal_cortex.o
      1458         18          8          0          0       7853   stm32f7xx_hal_dma.o
       540         52          0          0          0       2215   stm32f7xx_hal_gpio.o
        76          6          0          0          0        894   stm32f7xx_hal_msp.o
       144          8          0          0          0       1312   stm32f7xx_hal_pwr_ex.o
      1940         76          0          0          0       5736   stm32f7xx_hal_rcc.o
      1764         18          0          0          0       2240   stm32f7xx_hal_rcc_ex.o
       912         84          0          0          0       6745   stm32f7xx_hal_tim.o
       204         30          0          0          0       1432   stm32f7xx_hal_tim_ex.o
      4276         98          0          0          0      21986   stm32f7xx_hal_uart.o
       290         86          0          0          0      11329   stm32f7xx_it.o
         0          0          0          0          0        384   stream_buffer.o
        20          6         24          4          0       1187   system_stm32f7xx.o
      2582        326          0         68        240      22772   tasks.o
       720         60          0          0        400       4052   tim.o
      2292        182          0          0       1856       7654   usart.o

    ----------------------------------------------------------------------
     33308       2562        528       3284     273548    1180228   Object Totals
         0          0         32          0          0          0   (incl. Generated)
        40          0          3         13          6          0   (incl. Padding)

    ----------------------------------------------------------------------

      Code (inc. data)   RO Data    RW Data    ZI Data      Debug   Library Member Name

        86          0          0          0          0          0   __dczerorl2.o
         0          0          0          0          0          0   entry.o
         0          0          0          0          0          0   entry10a.o
         0          0          0          0          0          0   entry11a.o
         8          4          0          0          0          0   entry2.o
         4          0          0          0          0          0   entry5.o
         0          0          0          0          0          0   entry7b.o
         0          0          0          0          0          0   entry8b.o
         8          4          0          0          0          0   entry9a.o
        30          0          0          0          0          0   handlers.o
        36          8          0          0          0         68   init.o
         0          0          0          0          0          0   iusefp.o
        30          0          0          0          0         68   llshl.o
        36          0          0          0          0         68   llsshr.o
        32          0          0          0          0         68   llushr.o
        36          0          0          0          0        108   memseta.o
        98          0          0          0          0         92   uldiv.o
        48          0          0          0          0         68   cdcmple.o
        48          0          0          0          0         68   cdrcmple.o
        56          0          0          0          0         88   d2f.o
       334          0          0          0          0        148   dadd.o
       222          0          0          0          0        100   ddiv.o
       186          0          0          0          0        176   depilogue.o
        62          0          0          0          0         80   dfixi.o
        34          0          0          0          0         76   dflti.o
       228          0          0          0          0         96   dmul.o
        38          0          0          0          0         68   f2d.o
       110          0          0          0          0        168   fepilogue.o

    ----------------------------------------------------------------------
      1776         16          0          0          0       1608   Library Totals
         6          0          0          0          0          0   (incl. Padding)

    ----------------------------------------------------------------------

      Code (inc. data)   RO Data    RW Data    ZI Data      Debug   Library Name

       404         16          0          0          0        472   mc_w.l
      1366          0          0          0          0       1136   mf_w.l

    ----------------------------------------------------------------------
      1776         16          0          0          0       1608   Library Totals

    ----------------------------------------------------------------------

==============================================================================


      Code (inc. data)   RO Data    RW Data    ZI Data      Debug   

     35084       2578        528       3284     273548    1157292   Grand Totals
     35084       2578        528        540     273548    1157292   ELF Image Totals (compressed)
     35084       2578        528        540          0          0   ROM Totals

==============================================================================

    Total RO  Size (Code + RO Data)                35612 (  34.78kB)
    Total RW  Size (RW Data + ZI Data)            276832 ( 270.34kB)
    Total ROM Size (Code + RO Data + RW Data)      36152 (  35.30kB)

==============================================================================

